To honour the JVM settings for this build a single-use Daemon process will be forked. For more on this, please refer to https://docs.gradle.org/8.14.3/userguide/gradle_daemon.html#sec:disabling_the_daemon in the Gradle documentation.
Daemon will be stopped at the end of the build 
> Task :buildSrc:extractPluginRequests UP-TO-DATE
> Task :buildSrc:generatePluginAdapters UP-TO-DATE
> Task :buildSrc:compileJava UP-TO-DATE
> Task :buildSrc:compileGroovy UP-TO-DATE
> Task :buildSrc:compileGroovyPlugins UP-TO-DATE
> Task :buildSrc:pluginDescriptors UP-TO-DATE
> Task :buildSrc:processResources UP-TO-DATE
> Task :buildSrc:classes UP-TO-DATE
> Task :buildSrc:jar UP-TO-DATE

> Configure project :
matching ref: COMMIT - 581358c9103c9d6e1130e0d831cb1e6d0701b823
  ref configuration: COMMIT - pattern: null
    version: ${describe.tag.version.major}.${describe.tag.version.minor.next}.0-SNAPSHOT
    describeTagPattern: .*(\d+\.\d+\.\d+).*
    describeTagFirstParent: false

project version: 0.1.0-SNAPSHOT

> Task :spotlessInternalRegisterDependencies UP-TO-DATE
> Task :fineract-core:processResources UP-TO-DATE
> Task :fineract-cob:processResources UP-TO-DATE
> Task :fineract-tax:processResources UP-TO-DATE
> Task :fineract-charge:processResources UP-TO-DATE
> Task :fineract-document:processResources UP-TO-DATE
> Task :fineract-report:processResources UP-TO-DATE
> Task :fineract-savings:processResources UP-TO-DATE
> Task :fineract-accounting:processResources UP-TO-DATE
> Task :fineract-avro-schemas:preprocessAvroSchemas UP-TO-DATE
> Task :fineract-validation:compileJava UP-TO-DATE
> Task :fineract-command:compileJava UP-TO-DATE
> Task :fineract-validation:processResources UP-TO-DATE
> Task :fineract-validation:classes UP-TO-DATE
> Task :fineract-command:processResources UP-TO-DATE
> Task :fineract-command:classes UP-TO-DATE
> Task :fineract-validation:jar UP-TO-DATE
> Task :fineract-command:jar UP-TO-DATE
> Task :fineract-avro-schemas:spotlessJson UP-TO-DATE
> Task :fineract-avro-schemas:spotlessJsonApply UP-TO-DATE
> Task :fineract-avro-schemas:buildJavaSdk UP-TO-DATE
> Task :fineract-avro-schemas:compileJava UP-TO-DATE
> Task :fineract-avro-schemas:processResources UP-TO-DATE
> Task :fineract-avro-schemas:classes UP-TO-DATE
> Task :fineract-avro-schemas:jar UP-TO-DATE
> Task :fineract-core:compileJava UP-TO-DATE
> Task :fineract-core:classes UP-TO-DATE
> Task :fineract-core:jar UP-TO-DATE
> Task :fineract-report:compileJava UP-TO-DATE
> Task :fineract-report:classes UP-TO-DATE
> Task :fineract-tax:compileJava UP-TO-DATE
> Task :fineract-tax:classes UP-TO-DATE
> Task :fineract-report:jar UP-TO-DATE
> Task :fineract-tax:jar UP-TO-DATE
> Task :fineract-cob:compileJava UP-TO-DATE
> Task :fineract-cob:classes UP-TO-DATE
> Task :fineract-cob:jar UP-TO-DATE
> Task :fineract-charge:compileJava UP-TO-DATE
> Task :fineract-charge:classes UP-TO-DATE
> Task :fineract-charge:jar UP-TO-DATE
> Task :fineract-document:compileJava UP-TO-DATE
> Task :fineract-document:classes UP-TO-DATE
> Task :fineract-document:jar UP-TO-DATE
> Task :fineract-accounting:compileJava UP-TO-DATE
> Task :fineract-accounting:classes UP-TO-DATE
> Task :fineract-accounting:jar UP-TO-DATE
> Task :fineract-savings:compileJava UP-TO-DATE
> Task :fineract-savings:classes UP-TO-DATE
> Task :fineract-savings:jar UP-TO-DATE

> Task :fineract-provider:compileJava
./gradlew : D:\program_data\Fineract\Finer
act-without-loan\fineract-provider\src\mai
n\java\org\apache\fineract\infrastructure\
core\config\SecurityConfig.java:26: 
warning: [removal] AntPathRequestMatcher 
in org.springframework.security.web.util.m
atcher has been deprecated and marked for 
removal
At line:1 char:1
+ ./gradlew 
:fineract-provider:compileJava 
--no-daemon 2>&1 | Out-File  ...
+ ~~~~~~~~~~~~~~~~~~~~~~~~~~~~~~~~~~~~~~~~
~~~~~~~~~~~~~~~~~
    + CategoryInfo          : NotSpecifie 
   d: (D:\program_data...ked for removal  
  :String) [], RemoteException
    + FullyQualifiedErrorId : NativeComma 
   ndError
 
import static org.springframework.security
.web.util.matcher.AntPathRequestMatcher.an
tMatcher;
                                          
                 ^
warning: No processor claimed any of 
these annotations: /org.springframework.co
ntext.annotation.Primary,/io.swagger.v3.oa
s.annotations.Parameter,/org.springframewo
rk.core.annotation.Order,/org.springframew
ork.scheduling.annotation.Async,/org.mapst
ruct.Mapper,/jakarta.validation.constraint
s.NotNull,/io.swagger.v3.oas.annotations.r
esponses.ApiResponses,/org.springframework
.boot.context.properties.ConfigurationProp
erties,/jakarta.persistence.Entity,/retrof
it2.http.Body,/org.springframework.context
.annotation.Scope,/org.springframework.bea
ns.factory.annotation.Value,/jakarta.valid
ation.Valid,/org.springframework.stereotyp
e.Component,/org.springframework.boot.cont
ext.properties.EnableConfigurationProperti
es,/org.springframework.cache.annotation.C
achePut,/org.springframework.transaction.a
nnotation.Transactional,/io.swagger.v3.oas
.annotations.media.Schema,/retrofit2.http.
FormUrlEncoded,/org.springframework.web.bi
nd.annotation.GetMapping,/org.springframew
ork.context.annotation.Bean,/jakarta.persi
stence.Column,/jakarta.persistence.Basic,/
org.springframework.transaction.annotation
.EnableTransactionManagement,/jakarta.pers
istence.JoinColumn,/org.springframework.co
ntext.annotation.Import,/jakarta.persisten
ce.Enumerated,/org.springframework.web.bin
d.annotation.RequestParam,/jakarta.persist
ence.Version,/io.swagger.v3.oas.annotation
s.responses.ApiResponse,/org.springframewo
rk.stereotype.Controller,/org.springframew
ork.boot.autoconfigure.condition.Condition
alOnMissingBean,/org.mapstruct.Named,/com.
fasterxml.jackson.annotation.JsonIgnore,/j
akarta.persistence.Converter,/jakarta.pers
istence.Temporal,/com.google.gson.annotati
ons.SerializedName,/org.springframework.co
ntext.annotation.DependsOn,/jakarta.persis
tence.DiscriminatorValue,/jakarta.persiste
nce.Id,/org.glassfish.jersey.media.multipa
rt.FormDataParam,/jakarta.persistence.Orde
rBy,/org.springframework.context.annotatio
n.Conditional,/org.springframework.boot.au
toconfigure.condition.ConditionalOnPropert
y,/jakarta.persistence.Embeddable,/com.fas
terxml.jackson.annotation.JsonProperty,/ja
karta.ws.rs.Path,/retrofit2.http.Header,/j
akarta.ws.rs.PUT,/jakarta.ws.rs.ext.Provid
er,/org.springframework.messaging.handler.
annotation.Payload,/org.springframework.se
curity.config.annotation.web.configuration
.EnableWebSecurity,/org.springframework.da
ta.jpa.repository.Modifying,/io.swagger.v3
.oas.annotations.parameters.RequestBody,/o
rg.springframework.web.bind.annotation.Req
uestBody,/org.mapstruct.Mapping,/jakarta.a
nnotation.Nullable,/org.springframework.sc
heduling.annotation.EnableAsync,/io.github
.resilience4j.retry.annotation.Retry,/org.
springframework.lang.NonNull,/org.springfr
amework.security.config.annotation.method.
configuration.EnableMethodSecurity,/org.sp
ringframework.boot.autoconfigure.condition
.ConditionalOnBean,/com.fasterxml.jackson.
databind.annotation.JsonDeserialize,/org.s
pringframework.beans.factory.annotation.Au
towired,/jakarta.ws.rs.DELETE,java.desktop
/java.beans.Transient,/org.springframework
.cache.annotation.Caching,/jakarta.persist
ence.EmbeddedId,/org.springframework.data.
jpa.repository.config.EnableJpaRepositorie
s,/jakarta.ws.rs.QueryParam,/jakarta.ws.rs
.GET,/org.springframework.data.jpa.reposit
ory.Query,/jakarta.ws.rs.ApplicationPath,/
org.mapstruct.Mappings,/io.swagger.v3.oas.
annotations.tags.Tag,/org.springframework.
batch.integration.config.annotation.Enable
BatchIntegration,/jakarta.ws.rs.DefaultVal
ue,/com.fasterxml.jackson.annotation.JsonT
ypeInfo,/jakarta.persistence.JoinTable,/or
g.springframework.kafka.annotation.KafkaLi
stener,/org.springframework.beans.factory.
annotation.Qualifier,/org.springframework.
batch.core.configuration.annotation.Enable
BatchProcessing,/org.apache.fineract.comma
nds.annotation.CommandType,/org.springfram
ework.stereotype.Service,/jakarta.validati
on.constraints.NotEmpty,/org.springframewo
rk.data.jpa.repository.config.EnableJpaAud
iting,/org.springframework.data.jpa.reposi
tory.Lock,/jakarta.ws.rs.core.Context,/jak
arta.validation.constraints.Size,/jakarta.
ws.rs.Consumes,/jakarta.ws.rs.PathParam,/j
akarta.persistence.OneToOne,/edu.umd.cs.fi
ndbugs.annotations.SuppressFBWarnings,/org
.springframework.context.annotation.Config
uration,/jakarta.persistence.Transient,/ja
karta.annotation.PostConstruct,/org.spring
framework.cache.annotation.Cacheable,/com.
fasterxml.jackson.databind.annotation.Json
Serialize,/jakarta.persistence.OneToMany,/
org.springframework.data.repository.query.
Param,/org.springframework.security.core.T
ransient,/org.springframework.context.anno
tation.ComponentScan,/org.springframework.
integration.annotation.IntegrationComponen
tScan,/jakarta.persistence.Table,/org.spri
ngframework.stereotype.Repository,/jakarta
.persistence.Embedded,/org.springframework
.cache.annotation.CacheEvict,/jakarta.pers
istence.ManyToOne,/retrofit2.http.POST,/co
m.fasterxml.jackson.annotation.JsonInclude
,/org.springframework.batch.core.annotatio
n.BeforeStep,/org.springframework.boot.aut
oconfigure.EnableAutoConfiguration,/jakart
a.ws.rs.Produces,/org.springframework.cont
ext.annotation.Profile,/retrofit2.http.Fie
ldMap,/io.swagger.v3.oas.annotations.Opera
tion,/io.swagger.v3.oas.annotations.Parame
ters,/jakarta.ws.rs.BeanParam,/org.apache.
fineract.infrastructure.report.annotation.
ReportService,/org.springframework.boot.au
toconfigure.condition.ConditionalOnExpress
ion,/org.springframework.batch.core.config
uration.annotation.StepScope,/jakarta.ws.r
s.POST,/retrofit2.http.GET
D:\program_data\Fineract\Fineract-without-
loan\fineract-provider\src\main\java\org\a
pache\fineract\infrastructure\core\config\
SecurityConfig.java:26: warning: 
[removal] AntPathRequestMatcher in org.spr
ingframework.security.web.util.matcher 
has been deprecated and marked for removal
import static org.springframework.security
.web.util.matcher.AntPathRequestMatcher.an
tMatcher;
                                          
                 ^
warning: No processor claimed any of 
these annotations: java.compiler/javax.ann
otation.processing.Generated,/org.springfr
amework.beans.factory.annotation.Autowired
,/org.springframework.stereotype.Component
D:\program_data\Fineract\Fineract-without-
loan\fineract-provider\src\main\java\org\a
pache\fineract\infrastructure\core\config\
SecurityConfig.java:26: warning: 
[removal] AntPathRequestMatcher in org.spr
ingframework.security.web.util.matcher 
has been deprecated and marked for removal
import static org.springframework.security
.web.util.matcher.AntPathRequestMatcher.an
tMatcher;
                                          
                 ^
D:\program_data\Fineract\Fineract-without-
loan\fineract-provider\src\main\java\org\a
pache\fineract\infrastructure\core\config\
SecurityConfig.java:26: warning: 
[removal] AntPathRequestMatcher in org.spr
ingframework.security.web.util.matcher 
has been deprecated and marked for removal
import static org.springframework.security
.web.util.matcher.AntPathRequestMatcher.an
tMatcher;
                                          
                 ^
D:\program_data\Fineract\Fineract-without-
loan\fineract-provider\src\main\java\org\a
pache\fineract\infrastructure\core\config\
SecurityConfig.java:26: warning: 
[removal] AntPathRequestMatcher in org.spr
ingframework.security.web.util.matcher 
has been deprecated and marked for removal
import static org.springframework.security
.web.util.matcher.AntPathRequestMatcher.an
tMatcher;
                                          
                 ^
D:\program_data\Fineract\Fineract-without-
loan\fineract-provider\src\main\java\org\a
pache\fineract\batch\command\internal\Acti
vateClientCommandStrategy.java:30: error: 
cannot find symbol
import org.apache.fineract.portfolio.clien
t.api.ClientsApiResource;
                                          
     ^
  symbol:   class ClientsApiResource
  location: package 
org.apache.fineract.portfolio.client.api
D:\program_data\Fineract\Fineract-without-
loan\fineract-provider\src\main\java\org\a
pache\fineract\batch\command\internal\Acti
vateClientCommandStrategy.java:51: error: 
cannot find symbol
    private final ClientsApiResource 
clientsApiResource;
                  ^
  symbol:   class ClientsApiResource
  location: class 
ActivateClientCommandStrategy
D:\program_data\Fineract\Fineract-without-
loan\fineract-provider\src\main\java\org\a
pache\fineract\batch\command\internal\Acti
vateClientCommandStrategy.java:48: error: 
cannot find symbol
@RequiredArgsConstructor
^
  symbol:   class ClientsApiResource
  location: class 
ActivateClientCommandStrategy
D:\program_data\Fineract\Fineract-without-
loan\fineract-provider\src\main\java\org\a
pache\fineract\batch\command\internal\Crea
teClientCommandStrategy.java:26: error: 
cannot find symbol
import org.apache.fineract.portfolio.clien
t.api.ClientsApiResource;
                                          
     ^
  symbol:   class ClientsApiResource
  location: package 
org.apache.fineract.portfolio.client.api
D:\program_data\Fineract\Fineract-without-
loan\fineract-provider\src\main\java\org\a
pache\fineract\batch\command\internal\Crea
teClientCommandStrategy.java:47: error: 
cannot find symbol
    private final ClientsApiResource 
clientsApiResource;
                  ^
  symbol:   class ClientsApiResource
  location: class 
CreateClientCommandStrategy
D:\program_data\Fineract\Fineract-without-
loan\fineract-provider\src\main\java\org\a
pache\fineract\batch\command\internal\Crea
teClientCommandStrategy.java:44: error: 
cannot find symbol
@RequiredArgsConstructor
^
  symbol:   class ClientsApiResource
  location: class 
CreateClientCommandStrategy
D:\program_data\Fineract\Fineract-without-
loan\fineract-provider\src\main\java\org\a
pache\fineract\batch\command\internal\Crea
teDatatableEntryCommandStrategy.java:30: 
error: cannot find symbol
import org.apache.fineract.infrastructure.
dataqueries.api.DatatablesApiResource;
                                          
               ^
  symbol:   class DatatablesApiResource
  location: package org.apache.fineract.in
frastructure.dataqueries.api
D:\program_data\Fineract\Fineract-without-
loan\fineract-provider\src\main\java\org\a
pache\fineract\batch\command\internal\Crea
teDatatableEntryCommandStrategy.java:47: 
error: cannot find symbol
    private final DatatablesApiResource 
datatablesApiResource;
                  ^
  symbol:   class DatatablesApiResource
  location: class 
CreateDatatableEntryCommandStrategy
D:\program_data\Fineract\Fineract-without-
loan\fineract-provider\src\main\java\org\a
pache\fineract\batch\command\internal\Crea
teDatatableEntryCommandStrategy.java:44: 
error: cannot find symbol
@RequiredArgsConstructor
^
  symbol:   class DatatablesApiResource
  location: class 
CreateDatatableEntryCommandStrategy
D:\program_data\Fineract\Fineract-without-
loan\fineract-provider\src\main\java\org\a
pache\fineract\batch\command\internal\Dele
teDatatableEntryOneToManyCommandStrategy.j
ava:30: error: cannot find symbol
import org.apache.fineract.infrastructure.
dataqueries.api.DatatablesApiResource;
                                          
               ^
  symbol:   class DatatablesApiResource
  location: package org.apache.fineract.in
frastructure.dataqueries.api
D:\program_data\Fineract\Fineract-without-
loan\fineract-provider\src\main\java\org\a
pache\fineract\batch\command\internal\Dele
teDatatableEntryOneToManyCommandStrategy.j
ava:48: error: cannot find symbol
    private final DatatablesApiResource 
datatablesApiResource;
                  ^
  symbol:   class DatatablesApiResource
  location: class DeleteDatatableEntryOneT
oManyCommandStrategy
D:\program_data\Fineract\Fineract-without-
loan\fineract-provider\src\main\java\org\a
pache\fineract\batch\command\internal\Dele
teDatatableEntryOneToManyCommandStrategy.j
ava:45: error: cannot find symbol
@RequiredArgsConstructor
^
  symbol:   class DatatablesApiResource
  location: class DeleteDatatableEntryOneT
oManyCommandStrategy
D:\program_data\Fineract\Fineract-without-
loan\fineract-provider\src\main\java\org\a
pache\fineract\batch\command\internal\Dele
teDatatableEntryOneToOneCommandStrategy.ja
va:30: error: cannot find symbol
import org.apache.fineract.infrastructure.
dataqueries.api.DatatablesApiResource;
                                          
               ^
  symbol:   class DatatablesApiResource
  location: package org.apache.fineract.in
frastructure.dataqueries.api
D:\program_data\Fineract\Fineract-without-
loan\fineract-provider\src\main\java\org\a
pache\fineract\batch\command\internal\Dele
teDatatableEntryOneToOneCommandStrategy.ja
va:48: error: cannot find symbol
    private final DatatablesApiResource 
datatablesApiResource;
                  ^
  symbol:   class DatatablesApiResource
  location: class DeleteDatatableEntryOneT
oOneCommandStrategy
D:\program_data\Fineract\Fineract-without-
loan\fineract-provider\src\main\java\org\a
pache\fineract\batch\command\internal\Dele
teDatatableEntryOneToOneCommandStrategy.ja
va:45: error: cannot find symbol
@RequiredArgsConstructor
^
  symbol:   class DatatablesApiResource
  location: class DeleteDatatableEntryOneT
oOneCommandStrategy
D:\program_data\Fineract\Fineract-without-
loan\fineract-provider\src\main\java\org\a
pache\fineract\batch\command\internal\GetD
atatableEntryByAppTableIdAndDataTableIdCom
mandStrategy.java:32: error: cannot find 
symbol
import org.apache.fineract.infrastructure.
dataqueries.api.DatatablesApiResource;
                                          
               ^
  symbol:   class DatatablesApiResource
  location: package org.apache.fineract.in
frastructure.dataqueries.api
D:\program_data\Fineract\Fineract-without-
loan\fineract-provider\src\main\java\org\a
pache\fineract\batch\command\internal\GetD
atatableEntryByAppTableIdAndDataTableIdCom
mandStrategy.java:48: error: cannot find 
symbol
    private final DatatablesApiResource 
dataTablesApiResource;
                  ^
  symbol:   class DatatablesApiResource
  location: class GetDatatableEntryByAppTa
bleIdAndDataTableIdCommandStrategy
D:\program_data\Fineract\Fineract-without-
loan\fineract-provider\src\main\java\org\a
pache\fineract\batch\command\internal\GetD
atatableEntryByAppTableIdAndDataTableIdCom
mandStrategy.java:42: error: cannot find 
symbol
@RequiredArgsConstructor
^
  symbol:   class DatatablesApiResource
  location: class GetDatatableEntryByAppTa
bleIdAndDataTableIdCommandStrategy
D:\program_data\Fineract\Fineract-without-
loan\fineract-provider\src\main\java\org\a
pache\fineract\batch\command\internal\GetD
atatableEntryByAppTableIdCommandStrategy.j
ava:32: error: cannot find symbol
import org.apache.fineract.infrastructure.
dataqueries.api.DatatablesApiResource;
                                          
               ^
  symbol:   class DatatablesApiResource
  location: package org.apache.fineract.in
frastructure.dataqueries.api
D:\program_data\Fineract\Fineract-without-
loan\fineract-provider\src\main\java\org\a
pache\fineract\batch\command\internal\GetD
atatableEntryByAppTableIdCommandStrategy.j
ava:48: error: cannot find symbol
    private final DatatablesApiResource 
dataTablesApiResource;
                  ^
  symbol:   class DatatablesApiResource
  location: class GetDatatableEntryByAppTa
bleIdCommandStrategy
D:\program_data\Fineract\Fineract-without-
loan\fineract-provider\src\main\java\org\a
pache\fineract\batch\command\internal\GetD
atatableEntryByAppTableIdCommandStrategy.j
ava:42: error: cannot find symbol
@RequiredArgsConstructor
^
  symbol:   class DatatablesApiResource
  location: class GetDatatableEntryByAppTa
bleIdCommandStrategy
D:\program_data\Fineract\Fineract-without-
loan\fineract-provider\src\main\java\org\a
pache\fineract\batch\command\internal\GetD
atatableEntryByQueryCommandStrategy.java:3
3: error: cannot find symbol
import org.apache.fineract.infrastructure.
dataqueries.api.DatatablesApiResource;
                                          
               ^
  symbol:   class DatatablesApiResource
  location: package org.apache.fineract.in
frastructure.dataqueries.api
D:\program_data\Fineract\Fineract-without-
loan\fineract-provider\src\main\java\org\a
pache\fineract\batch\command\internal\GetD
atatableEntryByQueryCommandStrategy.java:5
0: error: cannot find symbol
    private final DatatablesApiResource 
dataTablesApiResource;
                  ^
  symbol:   class DatatablesApiResource
  location: class 
GetDatatableEntryByQueryCommandStrategy
D:\program_data\Fineract\Fineract-without-
loan\fineract-provider\src\main\java\org\a
pache\fineract\batch\command\internal\GetD
atatableEntryByQueryCommandStrategy.java:4
4: error: cannot find symbol
@RequiredArgsConstructor
^
  symbol:   class DatatablesApiResource
  location: class 
GetDatatableEntryByQueryCommandStrategy
D:\program_data\Fineract\Fineract-without-
loan\fineract-provider\src\main\java\org\a
pache\fineract\batch\command\internal\Upda
teClientCommandStrategy.java:28: error: 
cannot find symbol
import org.apache.fineract.portfolio.clien
t.api.ClientsApiResource;
                                          
     ^
  symbol:   class ClientsApiResource
  location: package 
org.apache.fineract.portfolio.client.api
D:\program_data\Fineract\Fineract-without-
loan\fineract-provider\src\main\java\org\a
pache\fineract\batch\command\internal\Upda
teClientCommandStrategy.java:49: error: 
cannot find symbol
    private final ClientsApiResource 
clientsApiResource;
                  ^
  symbol:   class ClientsApiResource
  location: class 
UpdateClientCommandStrategy
D:\program_data\Fineract\Fineract-without-
loan\fineract-provider\src\main\java\org\a
pache\fineract\batch\command\internal\Upda
teClientCommandStrategy.java:46: error: 
cannot find symbol
@RequiredArgsConstructor
^
  symbol:   class ClientsApiResource
  location: class 
UpdateClientCommandStrategy
D:\program_data\Fineract\Fineract-without-
loan\fineract-provider\src\main\java\org\a
pache\fineract\batch\command\internal\Upda
teDatatableEntryOneToManyCommandStrategy.j
ava:30: error: cannot find symbol
import org.apache.fineract.infrastructure.
dataqueries.api.DatatablesApiResource;
                                          
               ^
  symbol:   class DatatablesApiResource
  location: package org.apache.fineract.in
frastructure.dataqueries.api
D:\program_data\Fineract\Fineract-without-
loan\fineract-provider\src\main\java\org\a
pache\fineract\batch\command\internal\Upda
teDatatableEntryOneToManyCommandStrategy.j
ava:47: error: cannot find symbol
    private final DatatablesApiResource 
datatablesApiResource;
                  ^
  symbol:   class DatatablesApiResource
  location: class UpdateDatatableEntryOneT
oManyCommandStrategy
D:\program_data\Fineract\Fineract-without-
loan\fineract-provider\src\main\java\org\a
pache\fineract\batch\command\internal\Upda
teDatatableEntryOneToManyCommandStrategy.j
ava:44: error: cannot find symbol
@RequiredArgsConstructor
^
  symbol:   class DatatablesApiResource
  location: class UpdateDatatableEntryOneT
oManyCommandStrategy
D:\program_data\Fineract\Fineract-without-
loan\fineract-provider\src\main\java\org\a
pache\fineract\batch\command\internal\Upda
teDatatableEntryOneToOneCommandStrategy.ja
va:30: error: cannot find symbol
import org.apache.fineract.infrastructure.
dataqueries.api.DatatablesApiResource;
                                          
               ^
  symbol:   class DatatablesApiResource
  location: package org.apache.fineract.in
frastructure.dataqueries.api
D:\program_data\Fineract\Fineract-without-
loan\fineract-provider\src\main\java\org\a
pache\fineract\batch\command\internal\Upda
teDatatableEntryOneToOneCommandStrategy.ja
va:46: error: cannot find symbol
    private final DatatablesApiResource 
datatablesApiResource;
                  ^
  symbol:   class DatatablesApiResource
  location: class UpdateDatatableEntryOneT
oOneCommandStrategy
D:\program_data\Fineract\Fineract-without-
loan\fineract-provider\src\main\java\org\a
pache\fineract\batch\command\internal\Upda
teDatatableEntryOneToOneCommandStrategy.ja
va:43: error: cannot find symbol
@RequiredArgsConstructor
^
  symbol:   class DatatablesApiResource
  location: class UpdateDatatableEntryOneT
oOneCommandStrategy
D:\program_data\Fineract\Fineract-without-
loan\fineract-provider\src\main\java\org\a
pache\fineract\cob\common\InitialisationTa
sklet.java:27: error: package 
org.apache.fineract.cob.loan does not 
exist
import org.apache.fineract.cob.loan.LoanCO
BConstant;
                                   ^
D:\program_data\Fineract\Fineract-without-
loan\fineract-provider\src\main\java\org\a
pache\fineract\cob\listener\ChunkProcessin
gLoanItemListener.java:22: error: package 
org.apache.fineract.cob.loan does not 
exist
import org.apache.fineract.cob.loan.LoanLo
ckingService;
                                   ^
D:\program_data\Fineract\Fineract-without-
loan\fineract-provider\src\main\java\org\a
pache\fineract\cob\listener\ChunkProcessin
gLoanItemListener.java:25: error: cannot 
find symbol
public class 
ChunkProcessingLoanItemListener extends 
AbstractLoanItemListener {
                                          
           ^
  symbol: class AbstractLoanItemListener
D:\program_data\Fineract\Fineract-without-
loan\fineract-provider\src\main\java\org\a
pache\fineract\cob\listener\ChunkProcessin
gLoanItemListener.java:27: error: cannot 
find symbol
    public ChunkProcessingLoanItemListener
(LoanLockingService loanLockingService, 
TransactionTemplate transactionTemplate) {
                                          
 ^
  symbol:   class LoanLockingService
  location: class 
ChunkProcessingLoanItemListener
D:\program_data\Fineract\Fineract-without-
loan\fineract-provider\src\main\java\org\a
pache\fineract\cob\listener\InlineCOBLoanI
temListener.java:22: error: package 
org.apache.fineract.cob.loan does not 
exist
import org.apache.fineract.cob.loan.LoanLo
ckingService;
                                   ^
D:\program_data\Fineract\Fineract-without-
loan\fineract-provider\src\main\java\org\a
pache\fineract\cob\listener\InlineCOBLoanI
temListener.java:25: error: cannot find 
symbol
public class InlineCOBLoanItemListener 
extends AbstractLoanItemListener {
                                          
     ^
  symbol: class AbstractLoanItemListener
D:\program_data\Fineract\Fineract-without-
loan\fineract-provider\src\main\java\org\a
pache\fineract\cob\listener\InlineCOBLoanI
temListener.java:27: error: cannot find 
symbol
    public InlineCOBLoanItemListener(LoanL
ockingService loanLockingService, 
TransactionTemplate transactionTemplate) {
                                     ^
  symbol:   class LoanLockingService
  location: class 
InlineCOBLoanItemListener
D:\program_data\Fineract\Fineract-without-
loan\fineract-provider\src\main\java\org\a
pache\fineract\cob\service\AsyncLoanCOBExe
cutorServiceImpl.java:31: error: package 
org.apache.fineract.cob.loan does not 
exist
import org.apache.fineract.cob.loan.LoanCO
BConstant;
                                   ^
D:\program_data\Fineract\Fineract-without-
loan\fineract-provider\src\main\java\org\a
pache\fineract\cob\service\AsyncLoanCOBExe
cutorServiceImpl.java:32: error: package 
org.apache.fineract.cob.loan does not 
exist
import org.apache.fineract.cob.loan.Retrie
veLoanIdService;
                                   ^
D:\program_data\Fineract\Fineract-without-
loan\fineract-provider\src\main\java\org\a
pache\fineract\cob\service\AsyncLoanCOBExe
cutorServiceImpl.java:65: error: cannot 
find symbol
    private final RetrieveLoanIdService 
retrieveLoanIdService;
                  ^
  symbol:   class RetrieveLoanIdService
  location: class 
AsyncLoanCOBExecutorServiceImpl
D:\program_data\Fineract\Fineract-without-
loan\fineract-provider\src\main\java\org\a
pache\fineract\cob\service\AsyncLoanCOBExe
cutorServiceImpl.java:58: error: cannot 
find symbol
@RequiredArgsConstructor
^
  symbol:   class RetrieveLoanIdService
  location: class 
AsyncLoanCOBExecutorServiceImpl
D:\program_data\Fineract\Fineract-without-
loan\fineract-provider\src\main\java\org\a
pache\fineract\cob\service\InlineLoanCOBEx
ecutorServiceImpl.java:45: error: package 
org.apache.fineract.cob.loan does not 
exist
import org.apache.fineract.cob.loan.LoanCO
BConstant;
                                   ^
D:\program_data\Fineract\Fineract-without-
loan\fineract-provider\src\main\java\org\a
pache\fineract\cob\service\InlineLoanCOBEx
ecutorServiceImpl.java:46: error: package 
org.apache.fineract.cob.loan does not 
exist
import org.apache.fineract.cob.loan.Retrie
veLoanIdService;
                                   ^
D:\program_data\Fineract\Fineract-without-
loan\fineract-provider\src\main\java\org\a
pache\fineract\cob\service\InlineLoanCOBEx
ecutorServiceImpl.java:97: error: cannot 
find symbol
    private final RetrieveLoanIdService 
retrieveLoanIdService;
                  ^
  symbol:   class RetrieveLoanIdService
  location: class 
InlineLoanCOBExecutorServiceImpl
D:\program_data\Fineract\Fineract-without-
loan\fineract-provider\src\main\java\org\a
pache\fineract\cob\service\InlineLoanCOBEx
ecutorServiceImpl.java:84: error: cannot 
find symbol
@RequiredArgsConstructor
^
  symbol:   class RetrieveLoanIdService
  location: class 
InlineLoanCOBExecutorServiceImpl
D:\program_data\Fineract\Fineract-without-
loan\fineract-provider\src\main\java\org\a
pache\fineract\cob\service\LoanBusinessSte
pCategoryServiceImpl.java:23: error: 
package org.apache.fineract.cob.loan does 
not exist
import org.apache.fineract.cob.loan.LoanCO
BBusinessStep;
                                   ^
D:\program_data\Fineract\Fineract-without-
loan\fineract-provider\src\main\java\org\a
pache\fineract\cob\service\LoanCOBCatchUpS
erviceImpl.java:28: error: package 
org.apache.fineract.cob.loan does not 
exist
import org.apache.fineract.cob.loan.LoanCO
BConstant;
                                   ^
D:\program_data\Fineract\Fineract-without-
loan\fineract-provider\src\main\java\org\a
pache\fineract\cob\service\LoanCOBCatchUpS
erviceImpl.java:29: error: package 
org.apache.fineract.cob.loan does not 
exist
import org.apache.fineract.cob.loan.Retrie
veLoanIdService;
                                   ^
D:\program_data\Fineract\Fineract-without-
loan\fineract-provider\src\main\java\org\a
pache\fineract\cob\service\LoanCOBCatchUpS
erviceImpl.java:44: error: cannot find 
symbol
    private final RetrieveLoanIdService 
retrieveLoanIdService;
                  ^
  symbol:   class RetrieveLoanIdService
  location: class 
LoanCOBCatchUpServiceImpl
D:\program_data\Fineract\Fineract-without-
loan\fineract-provider\src\main\java\org\a
pache\fineract\cob\service\LoanCOBCatchUpS
erviceImpl.java:38: error: cannot find 
symbol
@RequiredArgsConstructor
^
  symbol:   class RetrieveLoanIdService
  location: class 
LoanCOBCatchUpServiceImpl
D:\program_data\Fineract\Fineract-without-
loan\fineract-provider\src\main\java\org\a
pache\fineract\infrastructure\bulkimport\i
mporthandler\sharedaccount\SharedAccountIm
portHandler.java:36: error: package org.ap
ache.fineract.portfolio.shareaccounts.data
 does not exist
import org.apache.fineract.portfolio.share
accounts.data.ShareAccountChargeData;
                                          
             ^
D:\program_data\Fineract\Fineract-without-
loan\fineract-provider\src\main\java\org\a
pache\fineract\infrastructure\bulkimport\i
mporthandler\sharedaccount\SharedAccountIm
portHandler.java:37: error: package org.ap
ache.fineract.portfolio.shareaccounts.data
 does not exist
import org.apache.fineract.portfolio.share
accounts.data.ShareAccountData;
                                          
             ^
D:\program_data\Fineract\Fineract-without-
loan\fineract-provider\src\main\java\org\a
pache\fineract\infrastructure\bulkimport\i
mporthandler\sharedaccount\SharedAccountIm
portHandler.java:70: error: cannot find 
symbol
    private void readExcelFile(final 
Workbook workbook, final 
List<ShareAccountData> 
shareAccountDataList, final List<String> 
statuses,
                                          
                         ^
  symbol:   class ShareAccountData
  location: class 
SharedAccountImportHandler
D:\program_data\Fineract\Fineract-without-
loan\fineract-provider\src\main\java\org\a
pache\fineract\infrastructure\bulkimport\i
mporthandler\sharedaccount\SharedAccountIm
portHandler.java:83: error: cannot find 
symbol
    private ShareAccountData 
readSharedAccount(final Workbook 
workbook, final Row row, final 
List<String> statuses, final String 
locale,
            ^
  symbol:   class ShareAccountData
  location: class 
SharedAccountImportHandler
D:\program_data\Fineract\Fineract-without-
loan\fineract-provider\src\main\java\org\a
pache\fineract\infrastructure\bulkimport\i
mporthandler\sharedaccount\SharedAccountIm
portHandler.java:151: error: cannot find 
symbol
    private Count importEntity(final 
Workbook workbook, final 
List<ShareAccountData> 
shareAccountDataList, final String 
dateFormat) {
                                          
                         ^
  symbol:   class ShareAccountData
  location: class 
SharedAccountImportHandler
D:\program_data\Fineract\Fineract-without-
loan\fineract-provider\src\main\java\org\a
pache\fineract\infrastructure\bulkimport\p
opulator\shareaccount\SharedAccountWorkBoo
kPopulator.java:29: error: package org.apa
che.fineract.portfolio.shareproducts.data 
does not exist
import org.apache.fineract.portfolio.share
products.data.ShareProductData;
                                          
             ^
D:\program_data\Fineract\Fineract-without-
loan\fineract-provider\src\main\java\org\a
pache\fineract\infrastructure\bulkimport\p
opulator\SharedProductsSheetPopulator.java
:30: error: package org.apache.fineract.po
rtfolio.shareproducts.data does not exist
import org.apache.fineract.portfolio.share
products.data.ShareProductData;
                                          
             ^
D:\program_data\Fineract\Fineract-without-
loan\fineract-provider\src\main\java\org\a
pache\fineract\infrastructure\bulkimport\p
opulator\SharedProductsSheetPopulator.java
:31: error: package org.apache.fineract.po
rtfolio.shareproducts.data does not exist
import org.apache.fineract.portfolio.share
products.data.ShareProductMarketPriceData;
                                          
             ^
D:\program_data\Fineract\Fineract-without-
loan\fineract-provider\src\main\java\org\a
pache\fineract\infrastructure\bulkimport\p
opulator\SharedProductsSheetPopulator.java
:38: error: cannot find symbol
    private List<ShareProductData> 
sharedProductDataList;
                 ^
  symbol:   class ShareProductData
  location: class 
SharedProductsSheetPopulator
D:\program_data\Fineract\Fineract-without-
loan\fineract-provider\src\main\java\org\a
pache\fineract\infrastructure\bulkimport\p
opulator\SharedProductsSheetPopulator.java
:55: error: cannot find symbol
    public SharedProductsSheetPopulator(Li
st<ShareProductData> 
shareProductDataList, List<ChargeData> 
chargesForShares) {
                                          
   ^
  symbol:   class ShareProductData
  location: class 
SharedProductsSheetPopulator
D:\program_data\Fineract\Fineract-without-
loan\fineract-provider\src\main\java\org\a
pache\fineract\infrastructure\bulkimport\p
opulator\SharedProductsSheetPopulator.java
:98: error: cannot find symbol
    private BigDecimal 
deriveMarketPrice(final ShareProductData 
shareProductData) {
                                          
     ^
  symbol:   class ShareProductData
  location: class 
SharedProductsSheetPopulator
D:\program_data\Fineract\Fineract-without-
loan\fineract-provider\src\main\java\org\a
pache\fineract\infrastructure\bulkimport\p
opulator\SharedProductsSheetPopulator.java
:154: error: cannot find symbol
    public List<ShareProductData> 
getSharedProductDataList() {
                ^
  symbol:   class ShareProductData
  location: class 
SharedProductsSheetPopulator
D:\program_data\Fineract\Fineract-without-
loan\fineract-provider\src\main\java\org\a
pache\fineract\infrastructure\campaigns\em
ail\api\EmailCampaignApiResource.java:45: 
error: cannot find symbol
import org.apache.fineract.infrastructure.
campaigns.email.service.EmailCampaignWrite
PlatformService;
                                          
                       ^
  symbol:   class 
EmailCampaignWritePlatformService
  location: package org.apache.fineract.in
frastructure.campaigns.email.service
D:\program_data\Fineract\Fineract-without-
loan\fineract-provider\src\main\java\org\a
pache\fineract\infrastructure\campaigns\em
ail\api\EmailCampaignApiResource.java:79: 
error: cannot find symbol
    private final 
EmailCampaignWritePlatformService 
emailCampaignWritePlatformService;
                  ^
  symbol:   class 
EmailCampaignWritePlatformService
  location: class EmailCampaignApiResource
D:\program_data\Fineract\Fineract-without-
loan\fineract-provider\src\main\java\org\a
pache\fineract\infrastructure\campaigns\em
ail\api\EmailCampaignApiResource.java:63: 
error: cannot find symbol
@RequiredArgsConstructor
^
  symbol:   class 
EmailCampaignWritePlatformService
  location: class EmailCampaignApiResource
D:\program_data\Fineract\Fineract-without-
loan\fineract-provider\src\main\java\org\a
pache\fineract\infrastructure\campaigns\em
ail\handler\ActivateEmailCampaignCommandHa
ndler.java:23: error: cannot find symbol
import org.apache.fineract.infrastructure.
campaigns.email.service.EmailCampaignWrite
PlatformService;
                                          
                       ^
  symbol:   class 
EmailCampaignWritePlatformService
  location: package org.apache.fineract.in
frastructure.campaigns.email.service
D:\program_data\Fineract\Fineract-without-
loan\fineract-provider\src\main\java\org\a
pache\fineract\infrastructure\campaigns\em
ail\handler\ActivateEmailCampaignCommandHa
ndler.java:34: error: cannot find symbol
    private 
EmailCampaignWritePlatformService 
emailCampaignWritePlatformService;
            ^
  symbol:   class 
EmailCampaignWritePlatformService
  location: class 
ActivateEmailCampaignCommandHandler
D:\program_data\Fineract\Fineract-without-
loan\fineract-provider\src\main\java\org\a
pache\fineract\infrastructure\campaigns\em
ail\handler\ActivateEmailCampaignCommandHa
ndler.java:37: error: cannot find symbol
    public 
ActivateEmailCampaignCommandHandler(final 
EmailCampaignWritePlatformService 
emailCampaignWritePlatformService) {
                                          
           ^
  symbol:   class 
EmailCampaignWritePlatformService
  location: class 
ActivateEmailCampaignCommandHandler
D:\program_data\Fineract\Fineract-without-
loan\fineract-provider\src\main\java\org\a
pache\fineract\infrastructure\campaigns\em
ail\handler\CloseEmailCampaignCommandHandl
er.java:23: error: cannot find symbol
import org.apache.fineract.infrastructure.
campaigns.email.service.EmailCampaignWrite
PlatformService;
                                          
                       ^
  symbol:   class 
EmailCampaignWritePlatformService
  location: package org.apache.fineract.in
frastructure.campaigns.email.service
D:\program_data\Fineract\Fineract-without-
loan\fineract-provider\src\main\java\org\a
pache\fineract\infrastructure\campaigns\em
ail\handler\CloseEmailCampaignCommandHandl
er.java:33: error: cannot find symbol
    private final 
EmailCampaignWritePlatformService 
emailCampaignWritePlatformService;
                  ^
  symbol:   class 
EmailCampaignWritePlatformService
  location: class 
CloseEmailCampaignCommandHandler
D:\program_data\Fineract\Fineract-without-
loan\fineract-provider\src\main\java\org\a
pache\fineract\infrastructure\campaigns\em
ail\handler\CloseEmailCampaignCommandHandl
er.java:36: error: cannot find symbol
    public 
CloseEmailCampaignCommandHandler(final 
EmailCampaignWritePlatformService 
emailCampaignWritePlatformService) {
                                          
        ^
  symbol:   class 
EmailCampaignWritePlatformService
  location: class 
CloseEmailCampaignCommandHandler
D:\program_data\Fineract\Fineract-without-
loan\fineract-provider\src\main\java\org\a
pache\fineract\infrastructure\campaigns\em
ail\handler\CreateEmailCampaignCommandHand
ler.java:23: error: cannot find symbol
import org.apache.fineract.infrastructure.
campaigns.email.service.EmailCampaignWrite
PlatformService;
                                          
                       ^
  symbol:   class 
EmailCampaignWritePlatformService
  location: package org.apache.fineract.in
frastructure.campaigns.email.service
D:\program_data\Fineract\Fineract-without-
loan\fineract-provider\src\main\java\org\a
pache\fineract\infrastructure\campaigns\em
ail\handler\CreateEmailCampaignCommandHand
ler.java:34: error: cannot find symbol
    private 
EmailCampaignWritePlatformService 
emailCampaignWritePlatformService;
            ^
  symbol:   class 
EmailCampaignWritePlatformService
  location: class 
CreateEmailCampaignCommandHandler
D:\program_data\Fineract\Fineract-without-
loan\fineract-provider\src\main\java\org\a
pache\fineract\infrastructure\campaigns\em
ail\handler\CreateEmailCampaignCommandHand
ler.java:37: error: cannot find symbol
    public 
CreateEmailCampaignCommandHandler(final 
EmailCampaignWritePlatformService 
emailCampaignWritePlatformService) {
                                          
         ^
  symbol:   class 
EmailCampaignWritePlatformService
  location: class 
CreateEmailCampaignCommandHandler
D:\program_data\Fineract\Fineract-without-
loan\fineract-provider\src\main\java\org\a
pache\fineract\infrastructure\campaigns\em
ail\handler\DeleteEmailCampaignCommandHand
ler.java:23: error: cannot find symbol
import org.apache.fineract.infrastructure.
campaigns.email.service.EmailCampaignWrite
PlatformService;
                                          
                       ^
  symbol:   class 
EmailCampaignWritePlatformService
  location: package org.apache.fineract.in
frastructure.campaigns.email.service
D:\program_data\Fineract\Fineract-without-
loan\fineract-provider\src\main\java\org\a
pache\fineract\infrastructure\campaigns\em
ail\handler\DeleteEmailCampaignCommandHand
ler.java:34: error: cannot find symbol
    private final 
EmailCampaignWritePlatformService 
emailCampaignWritePlatformService;
                  ^
  symbol:   class 
EmailCampaignWritePlatformService
  location: class 
DeleteEmailCampaignCommandHandler
D:\program_data\Fineract\Fineract-without-
loan\fineract-provider\src\main\java\org\a
pache\fineract\infrastructure\campaigns\em
ail\handler\DeleteEmailCampaignCommandHand
ler.java:37: error: cannot find symbol
    public DeleteEmailCampaignCommandHandl
er(EmailCampaignWritePlatformService 
emailCampaignWritePlatformService) {
                                          
   ^
  symbol:   class 
EmailCampaignWritePlatformService
  location: class 
DeleteEmailCampaignCommandHandler
D:\program_data\Fineract\Fineract-without-
loan\fineract-provider\src\main\java\org\a
pache\fineract\infrastructure\campaigns\em
ail\handler\ReactivateEmailCampaignCommand
Handler.java:23: error: cannot find symbol
import org.apache.fineract.infrastructure.
campaigns.email.service.EmailCampaignWrite
PlatformService;
                                          
                       ^
  symbol:   class 
EmailCampaignWritePlatformService
  location: package org.apache.fineract.in
frastructure.campaigns.email.service
D:\program_data\Fineract\Fineract-without-
loan\fineract-provider\src\main\java\org\a
pache\fineract\infrastructure\campaigns\em
ail\handler\ReactivateEmailCampaignCommand
Handler.java:34: error: cannot find symbol
    private final 
EmailCampaignWritePlatformService 
emailCampaignWritePlatformService;
                  ^
  symbol:   class 
EmailCampaignWritePlatformService
  location: class 
ReactivateEmailCampaignCommandHandler
D:\program_data\Fineract\Fineract-without-
loan\fineract-provider\src\main\java\org\a
pache\fineract\infrastructure\campaigns\em
ail\handler\ReactivateEmailCampaignCommand
Handler.java:37: error: cannot find symbol
    public ReactivateEmailCampaignCommandH
andler(EmailCampaignWritePlatformService 
emailCampaignWritePlatformService) {
                                          
       ^
  symbol:   class 
EmailCampaignWritePlatformService
  location: class 
ReactivateEmailCampaignCommandHandler
D:\program_data\Fineract\Fineract-without-
loan\fineract-provider\src\main\java\org\a
pache\fineract\infrastructure\campaigns\em
ail\handler\UpdateEmailCampaignCommandHand
ler.java:23: error: cannot find symbol
import org.apache.fineract.infrastructure.
campaigns.email.service.EmailCampaignWrite
PlatformService;
                                          
                       ^
  symbol:   class 
EmailCampaignWritePlatformService
  location: package org.apache.fineract.in
frastructure.campaigns.email.service
D:\program_data\Fineract\Fineract-without-
loan\fineract-provider\src\main\java\org\a
pache\fineract\infrastructure\campaigns\em
ail\handler\UpdateEmailCampaignCommandHand
ler.java:34: error: cannot find symbol
    private final 
EmailCampaignWritePlatformService 
emailCampaignWritePlatformService;
                  ^
  symbol:   class 
EmailCampaignWritePlatformService
  location: class 
UpdateEmailCampaignCommandHandler
D:\program_data\Fineract\Fineract-without-
loan\fineract-provider\src\main\java\org\a
pache\fineract\infrastructure\campaigns\em
ail\handler\UpdateEmailCampaignCommandHand
ler.java:37: error: cannot find symbol
    public UpdateEmailCampaignCommandHandl
er(EmailCampaignWritePlatformService 
emailCampaignWritePlatformService) {
                                          
   ^
  symbol:   class 
EmailCampaignWritePlatformService
  location: class 
UpdateEmailCampaignCommandHandler
D:\program_data\Fineract\Fineract-without-
loan\fineract-provider\src\main\java\org\a
pache\fineract\infrastructure\gcm\service\
NotificationSenderService.java:39: error: 
package org.apache.fineract.portfolio.self
.device.domain does not exist
import org.apache.fineract.portfolio.self.
device.domain.DeviceRegistration;
                                          
             ^
D:\program_data\Fineract\Fineract-without-
loan\fineract-provider\src\main\java\org\a
pache\fineract\infrastructure\gcm\service\
NotificationSenderService.java:40: error: 
package org.apache.fineract.portfolio.self
.device.domain does not exist
import org.apache.fineract.portfolio.self.
device.domain.DeviceRegistrationRepository
Wrapper;
                                          
             ^
D:\program_data\Fineract\Fineract-without-
loan\fineract-provider\src\main\java\org\a
pache\fineract\infrastructure\gcm\service\
NotificationSenderService.java:47: error: 
cannot find symbol
    private final 
DeviceRegistrationRepositoryWrapper 
deviceRegistrationRepositoryWrapper;
                  ^
  symbol:   class 
DeviceRegistrationRepositoryWrapper
  location: class 
NotificationSenderService
D:\program_data\Fineract\Fineract-without-
loan\fineract-provider\src\main\java\org\a
pache\fineract\infrastructure\gcm\service\
NotificationSenderService.java:44: error: 
cannot find symbol
@RequiredArgsConstructor
^
  symbol:   class 
DeviceRegistrationRepositoryWrapper
  location: class 
NotificationSenderService
D:\program_data\Fineract\Fineract-without-
loan\fineract-provider\src\main\java\org\a
pache\fineract\infrastructure\campaigns\jo
bs\updateemailoutboundwithcampaignmessage\
UpdateEmailOutboundWithCampaignMessageConf
ig.java:24: error: cannot find symbol
import org.apache.fineract.infrastructure.
campaigns.email.service.EmailCampaignWrite
PlatformService;
                                          
                       ^
  symbol:   class 
EmailCampaignWritePlatformService
  location: package org.apache.fineract.in
frastructure.campaigns.email.service
D:\program_data\Fineract\Fineract-without-
loan\fineract-provider\src\main\java\org\a
pache\fineract\infrastructure\campaigns\jo
bs\updateemailoutboundwithcampaignmessage\
UpdateEmailOutboundWithCampaignMessageConf
ig.java:54: error: cannot find symbol
    private 
EmailCampaignWritePlatformService 
emailCampaignWritePlatformService;
            ^
  symbol:   class 
EmailCampaignWritePlatformService
  location: class UpdateEmailOutboundWithC
ampaignMessageConfig
D:\program_data\Fineract\Fineract-without-
loan\fineract-provider\src\main\java\org\a
pache\fineract\infrastructure\campaigns\jo
bs\updateemailoutboundwithcampaignmessage\
UpdateEmailOutboundWithCampaignMessageTask
let.java:45: error: cannot find symbol
import org.apache.fineract.infrastructure.
campaigns.email.service.EmailCampaignWrite
PlatformService;
                                          
                       ^
  symbol:   class 
EmailCampaignWritePlatformService
  location: package org.apache.fineract.in
frastructure.campaigns.email.service
D:\program_data\Fineract\Fineract-without-
loan\fineract-provider\src\main\java\org\a
pache\fineract\infrastructure\campaigns\jo
bs\updateemailoutboundwithcampaignmessage\
UpdateEmailOutboundWithCampaignMessageTask
let.java:63: error: cannot find symbol
    private final 
EmailCampaignWritePlatformService 
emailCampaignWritePlatformService;
                  ^
  symbol:   class 
EmailCampaignWritePlatformService
  location: class UpdateEmailOutboundWithC
ampaignMessageTasklet
D:\program_data\Fineract\Fineract-without-
loan\fineract-provider\src\main\java\org\a
pache\fineract\infrastructure\campaigns\jo
bs\updateemailoutboundwithcampaignmessage\
UpdateEmailOutboundWithCampaignMessageTask
let.java:56: error: cannot find symbol
@RequiredArgsConstructor
^
  symbol:   class 
EmailCampaignWritePlatformService
  location: class UpdateEmailOutboundWithC
ampaignMessageTasklet
D:\program_data\Fineract\Fineract-without-
loan\fineract-provider\src\main\java\org\a
pache\fineract\infrastructure\campaigns\jo
bs\updatesmsoutboundwithcampaignmessage\Up
dateSmsOutboundWithCampaignMessageConfig.j
ava:22: error: cannot find symbol
import org.apache.fineract.infrastructure.
campaigns.sms.service.SmsCampaignWritePlat
formService;
                                          
                     ^
  symbol:   class 
SmsCampaignWritePlatformService
  location: package org.apache.fineract.in
frastructure.campaigns.sms.service
D:\program_data\Fineract\Fineract-without-
loan\fineract-provider\src\main\java\org\a
pache\fineract\infrastructure\campaigns\jo
bs\updatesmsoutboundwithcampaignmessage\Up
dateSmsOutboundWithCampaignMessageConfig.j
ava:45: error: cannot find symbol
    private 
SmsCampaignWritePlatformService 
smsCampaignWritePlatformService;
            ^
  symbol:   class 
SmsCampaignWritePlatformService
  location: class 
UpdateSmsOutboundWithCampaignMessageConfig
D:\program_data\Fineract\Fineract-without-
loan\fineract-provider\src\main\java\org\a
pache\fineract\infrastructure\campaigns\jo
bs\updatesmsoutboundwithcampaignmessage\Up
dateSmsOutboundWithCampaignMessageTasklet.
java:31: error: cannot find symbol
import org.apache.fineract.infrastructure.
campaigns.sms.service.SmsCampaignWritePlat
formService;
                                          
                     ^
  symbol:   class 
SmsCampaignWritePlatformService
  location: package org.apache.fineract.in
frastructure.campaigns.sms.service
D:\program_data\Fineract\Fineract-without-
loan\fineract-provider\src\main\java\org\a
pache\fineract\infrastructure\campaigns\jo
bs\updatesmsoutboundwithcampaignmessage\Up
dateSmsOutboundWithCampaignMessageTasklet.
java:45: error: cannot find symbol
    private final 
SmsCampaignWritePlatformService 
smsCampaignWritePlatformService;
                  ^
  symbol:   class 
SmsCampaignWritePlatformService
  location: class UpdateSmsOutboundWithCam
paignMessageTasklet
D:\program_data\Fineract\Fineract-without-
loan\fineract-provider\src\main\java\org\a
pache\fineract\infrastructure\campaigns\jo
bs\updatesmsoutboundwithcampaignmessage\Up
dateSmsOutboundWithCampaignMessageTasklet.
java:41: error: cannot find symbol
@RequiredArgsConstructor
^
  symbol:   class 
SmsCampaignWritePlatformService
  location: class UpdateSmsOutboundWithCam
paignMessageTasklet
D:\program_data\Fineract\Fineract-without-
loan\fineract-provider\src\main\java\org\a
pache\fineract\infrastructure\campaigns\sm
s\api\SmsCampaignApiResource.java:56: 
error: cannot find symbol
import org.apache.fineract.infrastructure.
campaigns.sms.service.SmsCampaignWritePlat
formService;
                                          
                     ^
  symbol:   class 
SmsCampaignWritePlatformService
  location: package org.apache.fineract.in
frastructure.campaigns.sms.service
D:\program_data\Fineract\Fineract-without-
loan\fineract-provider\src\main\java\org\a
pache\fineract\infrastructure\campaigns\sm
s\api\SmsCampaignApiResource.java:75: 
error: cannot find symbol
    private final 
SmsCampaignWritePlatformService 
smsCampaignWritePlatformService;
                  ^
  symbol:   class 
SmsCampaignWritePlatformService
  location: class SmsCampaignApiResource
D:\program_data\Fineract\Fineract-without-
loan\fineract-provider\src\main\java\org\a
pache\fineract\infrastructure\campaigns\sm
s\api\SmsCampaignApiResource.java:68: 
error: cannot find symbol
@RequiredArgsConstructor
^
  symbol:   class 
SmsCampaignWritePlatformService
  location: class SmsCampaignApiResource
D:\program_data\Fineract\Fineract-without-
loan\fineract-provider\src\main\java\org\a
pache\fineract\infrastructure\campaigns\sm
s\handler\ActivateSmsCampaignCommandHandle
r.java:24: error: cannot find symbol
import org.apache.fineract.infrastructure.
campaigns.sms.service.SmsCampaignWritePlat
formService;
                                          
                     ^
  symbol:   class 
SmsCampaignWritePlatformService
  location: package org.apache.fineract.in
frastructure.campaigns.sms.service
D:\program_data\Fineract\Fineract-without-
loan\fineract-provider\src\main\java\org\a
pache\fineract\infrastructure\campaigns\sm
s\handler\ActivateSmsCampaignCommandHandle
r.java:35: error: cannot find symbol
    private final 
SmsCampaignWritePlatformService 
smsCampaignWritePlatformService;
                  ^
  symbol:   class 
SmsCampaignWritePlatformService
  location: class 
ActivateSmsCampaignCommandHandler
D:\program_data\Fineract\Fineract-without-
loan\fineract-provider\src\main\java\org\a
pache\fineract\infrastructure\campaigns\sm
s\handler\ActivateSmsCampaignCommandHandle
r.java:32: error: cannot find symbol
@RequiredArgsConstructor
^
  symbol:   class 
SmsCampaignWritePlatformService
  location: class 
ActivateSmsCampaignCommandHandler
D:\program_data\Fineract\Fineract-without-
loan\fineract-provider\src\main\java\org\a
pache\fineract\infrastructure\campaigns\sm
s\handler\CloseSmsCampaignCommandHandler.j
ava:24: error: cannot find symbol
import org.apache.fineract.infrastructure.
campaigns.sms.service.SmsCampaignWritePlat
formService;
                                          
                     ^
  symbol:   class 
SmsCampaignWritePlatformService
  location: package org.apache.fineract.in
frastructure.campaigns.sms.service
D:\program_data\Fineract\Fineract-without-
loan\fineract-provider\src\main\java\org\a
pache\fineract\infrastructure\campaigns\sm
s\handler\CloseSmsCampaignCommandHandler.j
ava:34: error: cannot find symbol
    private final 
SmsCampaignWritePlatformService 
smsCampaignWritePlatformService;
                  ^
  symbol:   class 
SmsCampaignWritePlatformService
  location: class 
CloseSmsCampaignCommandHandler
D:\program_data\Fineract\Fineract-without-
loan\fineract-provider\src\main\java\org\a
pache\fineract\infrastructure\campaigns\sm
s\handler\CloseSmsCampaignCommandHandler.j
ava:31: error: cannot find symbol
@RequiredArgsConstructor
^
  symbol:   class 
SmsCampaignWritePlatformService
  location: class 
CloseSmsCampaignCommandHandler
D:\program_data\Fineract\Fineract-without-
loan\fineract-provider\src\main\java\org\a
pache\fineract\infrastructure\campaigns\sm
s\handler\CreateSmsCampaignCommandHandler.
java:24: error: cannot find symbol
import org.apache.fineract.infrastructure.
campaigns.sms.service.SmsCampaignWritePlat
formService;
                                          
                     ^
  symbol:   class 
SmsCampaignWritePlatformService
  location: package org.apache.fineract.in
frastructure.campaigns.sms.service
D:\program_data\Fineract\Fineract-without-
loan\fineract-provider\src\main\java\org\a
pache\fineract\infrastructure\campaigns\sm
s\handler\CreateSmsCampaignCommandHandler.
java:35: error: cannot find symbol
    private final 
SmsCampaignWritePlatformService 
smsCampaignWritePlatformService;
                  ^
  symbol:   class 
SmsCampaignWritePlatformService
  location: class 
CreateSmsCampaignCommandHandler
D:\program_data\Fineract\Fineract-without-
loan\fineract-provider\src\main\java\org\a
pache\fineract\infrastructure\campaigns\sm
s\handler\CreateSmsCampaignCommandHandler.
java:32: error: cannot find symbol
@RequiredArgsConstructor
^
  symbol:   class 
SmsCampaignWritePlatformService
  location: class 
CreateSmsCampaignCommandHandler
D:\program_data\Fineract\Fineract-without-
loan\fineract-provider\src\main\java\org\a
pache\fineract\infrastructure\campaigns\sm
s\handler\DeleteSmsCampaignCommandHandler.
java:24: error: cannot find symbol
import org.apache.fineract.infrastructure.
campaigns.sms.service.SmsCampaignWritePlat
formService;
                                          
                     ^
  symbol:   class 
SmsCampaignWritePlatformService
  location: package org.apache.fineract.in
frastructure.campaigns.sms.service
D:\program_data\Fineract\Fineract-without-
loan\fineract-provider\src\main\java\org\a
pache\fineract\infrastructure\campaigns\sm
s\handler\DeleteSmsCampaignCommandHandler.
java:35: error: cannot find symbol
    private final 
SmsCampaignWritePlatformService 
smsCampaignWritePlatformService;
                  ^
  symbol:   class 
SmsCampaignWritePlatformService
  location: class 
DeleteSmsCampaignCommandHandler
D:\program_data\Fineract\Fineract-without-
loan\fineract-provider\src\main\java\org\a
pache\fineract\infrastructure\campaigns\sm
s\handler\DeleteSmsCampaignCommandHandler.
java:32: error: cannot find symbol
@RequiredArgsConstructor
^
  symbol:   class 
SmsCampaignWritePlatformService
  location: class 
DeleteSmsCampaignCommandHandler
D:\program_data\Fineract\Fineract-without-
loan\fineract-provider\src\main\java\org\a
pache\fineract\infrastructure\campaigns\sm
s\handler\ReactivateSmsCampaignCommandHand
ler.java:24: error: cannot find symbol
import org.apache.fineract.infrastructure.
campaigns.sms.service.SmsCampaignWritePlat
formService;
                                          
                     ^
  symbol:   class 
SmsCampaignWritePlatformService
  location: package org.apache.fineract.in
frastructure.campaigns.sms.service
D:\program_data\Fineract\Fineract-without-
loan\fineract-provider\src\main\java\org\a
pache\fineract\infrastructure\campaigns\sm
s\handler\ReactivateSmsCampaignCommandHand
ler.java:35: error: cannot find symbol
    private final 
SmsCampaignWritePlatformService 
smsCampaignWritePlatformService;
                  ^
  symbol:   class 
SmsCampaignWritePlatformService
  location: class 
ReactivateSmsCampaignCommandHandler
D:\program_data\Fineract\Fineract-without-
loan\fineract-provider\src\main\java\org\a
pache\fineract\infrastructure\campaigns\sm
s\handler\ReactivateSmsCampaignCommandHand
ler.java:32: error: cannot find symbol
@RequiredArgsConstructor
^
  symbol:   class 
SmsCampaignWritePlatformService
  location: class 
ReactivateSmsCampaignCommandHandler
D:\program_data\Fineract\Fineract-without-
loan\fineract-provider\src\main\java\org\a
pache\fineract\infrastructure\campaigns\sm
s\handler\UpdateSmsCampaignCommandHandler.
java:24: error: cannot find symbol
import org.apache.fineract.infrastructure.
campaigns.sms.service.SmsCampaignWritePlat
formService;
                                          
                     ^
  symbol:   class 
SmsCampaignWritePlatformService
  location: package org.apache.fineract.in
frastructure.campaigns.sms.service
D:\program_data\Fineract\Fineract-without-
loan\fineract-provider\src\main\java\org\a
pache\fineract\infrastructure\campaigns\sm
s\handler\UpdateSmsCampaignCommandHandler.
java:35: error: cannot find symbol
    private final 
SmsCampaignWritePlatformService 
smsCampaignWritePlatformService;
                  ^
  symbol:   class 
SmsCampaignWritePlatformService
  location: class 
UpdateSmsCampaignCommandHandler
D:\program_data\Fineract\Fineract-without-
loan\fineract-provider\src\main\java\org\a
pache\fineract\infrastructure\campaigns\sm
s\handler\UpdateSmsCampaignCommandHandler.
java:32: error: cannot find symbol
@RequiredArgsConstructor
^
  symbol:   class 
SmsCampaignWritePlatformService
  location: class 
UpdateSmsCampaignCommandHandler
D:\program_data\Fineract\Fineract-without-
loan\fineract-provider\src\main\java\org\a
pache\fineract\infrastructure\campaigns\sm
s\serialization\SmsCampaignValidator.java:
41: error: package org.apache.fineract.por
tfolio.self.device.domain does not exist
import org.apache.fineract.portfolio.self.
device.domain.DeviceRegistration;
                                          
             ^
D:\program_data\Fineract\Fineract-without-
loan\fineract-provider\src\main\java\org\a
pache\fineract\infrastructure\campaigns\sm
s\serialization\SmsCampaignValidator.java:
42: error: package org.apache.fineract.por
tfolio.self.device.domain does not exist
import org.apache.fineract.portfolio.self.
device.domain.DeviceRegistrationRepository
Wrapper;
                                          
             ^
D:\program_data\Fineract\Fineract-without-
loan\fineract-provider\src\main\java\org\a
pache\fineract\infrastructure\campaigns\sm
s\serialization\SmsCampaignValidator.java:
75: error: cannot find symbol
    private final 
DeviceRegistrationRepositoryWrapper 
deviceRegistrationRepository;
                  ^
  symbol:   class 
DeviceRegistrationRepositoryWrapper
  location: class SmsCampaignValidator
D:\program_data\Fineract\Fineract-without-
loan\fineract-provider\src\main\java\org\a
pache\fineract\infrastructure\campaigns\sm
s\serialization\SmsCampaignValidator.java:
95: error: cannot find symbol
    public 
SmsCampaignValidator(FromJsonHelper 
fromApiJsonHelper, final 
DeviceRegistrationRepositoryWrapper 
deviceRegistrationRepository) {
                                          
                              ^
  symbol:   class 
DeviceRegistrationRepositoryWrapper
  location: class SmsCampaignValidator
D:\program_data\Fineract\Fineract-without-
loan\fineract-provider\src\main\java\org\a
pache\fineract\infrastructure\core\config\
SecurityConfig.java:26: warning: 
[removal] AntPathRequestMatcher in org.spr
ingframework.security.web.util.matcher 
has been deprecated and marked for removal
import static org.springframework.security
.web.util.matcher.AntPathRequestMatcher.an
tMatcher;
                                          
                 ^
D:\program_data\Fineract\Fineract-without-
loan\fineract-provider\src\main\java\org\a
pache\fineract\infrastructure\core\config\
SecurityConfig.java:44: error: cannot 
find symbol
import org.apache.fineract.infrastructure.
jobs.filter.LoanCOBFilterHelper;
                                          
           ^
  symbol:   class LoanCOBFilterHelper
  location: package org.apache.fineract.in
frastructure.jobs.filter
D:\program_data\Fineract\Fineract-without-
loan\fineract-provider\src\main\java\org\a
pache\fineract\infrastructure\core\config\
SecurityConfig.java:114: error: cannot 
find symbol
    private LoanCOBFilterHelper 
loanCOBFilterHelper;
            ^
  symbol:   class LoanCOBFilterHelper
  location: class SecurityConfig
D:\program_data\Fineract\Fineract-without-
loan\fineract-provider\src\main\java\org\a
pache\fineract\infrastructure\jobs\filter\
LoanCOBApiFilter.java:31: error: cannot 
find symbol
import org.apache.fineract.infrastructure.
jobs.exception.LoanIdsHardLockedException;
                                          
              ^
  symbol:   class 
LoanIdsHardLockedException
  location: package org.apache.fineract.in
frastructure.jobs.exception
D:\program_data\Fineract\Fineract-without-
loan\fineract-provider\src\main\java\org\a
pache\fineract\infrastructure\jobs\filter\
LoanCOBApiFilter.java:42: error: cannot 
find symbol
    private final LoanCOBFilterHelper 
helper;
                  ^
  symbol:   class LoanCOBFilterHelper
  location: class LoanCOBApiFilter
D:\program_data\Fineract\Fineract-without-
loan\fineract-provider\src\main\java\org\a
pache\fineract\infrastructure\jobs\filter\
LoanCOBApiFilter.java:38: error: cannot 
find symbol
@RequiredArgsConstructor
^
  symbol:   class LoanCOBFilterHelper
  location: class LoanCOBApiFilter
D:\program_data\Fineract\Fineract-without-
loan\fineract-provider\src\main\java\org\a
pache\fineract\infrastructure\creditbureau
\domain\OrganisationCreditBureau.java:47: 
error: cannot find symbol
    private 
List<CreditBureauLoanProductMapping> 
creditBureauLoanProductMapping = new 
ArrayList<>();
                 ^
  symbol:   class 
CreditBureauLoanProductMapping
  location: class OrganisationCreditBureau
D:\program_data\Fineract\Fineract-without-
loan\fineract-provider\src\main\java\org\a
pache\fineract\infrastructure\creditbureau
\domain\OrganisationCreditBureau.java:50: 
error: cannot find symbol
            
List<CreditBureauLoanProductMapping> 
creditBureauLoanProductMapping) {
                 ^
  symbol:   class 
CreditBureauLoanProductMapping
  location: class OrganisationCreditBureau
D:\program_data\Fineract\Fineract-without-
loan\fineract-provider\src\main\java\org\a
pache\fineract\infrastructure\creditbureau
\domain\OrganisationCreditBureau.java:92: 
error: cannot find symbol
    public 
List<CreditBureauLoanProductMapping> 
getCreditBureauLoanProductMapping() {
                ^
  symbol:   class 
CreditBureauLoanProductMapping
  location: class OrganisationCreditBureau
D:\program_data\Fineract\Fineract-without-
loan\fineract-provider\src\main\java\org\a
pache\fineract\infrastructure\creditbureau
\domain\OrganisationCreditBureau.java:96: 
error: cannot find symbol
    public void setCreditBureauLoanProduct
Mapping(List<CreditBureauLoanProductMappin
g> creditBureauLoanProductMapping) {
                                          
             ^
  symbol:   class 
CreditBureauLoanProductMapping
  location: class OrganisationCreditBureau
D:\program_data\Fineract\Fineract-without-
loan\fineract-provider\src\main\java\org\a
pache\fineract\infrastructure\dataqueries\
service\DatatableReportingProcessService.j
ava:31: error: cannot find symbol
import org.apache.fineract.infrastructure.
dataqueries.api.RunreportsApiResource;
                                          
               ^
  symbol:   class RunreportsApiResource
  location: package org.apache.fineract.in
frastructure.dataqueries.api
D:\program_data\Fineract\Fineract-without-
loan\fineract-provider\src\main\java\org\a
pache\fineract\infrastructure\dataqueries\
service\EntityDatatableChecksReadService.j
ava:26: error: cannot find symbol
import org.apache.fineract.infrastructure.
dataqueries.data.EntityDataTableChecksTemp
lateData;
                                          
                ^
  symbol:   class 
EntityDataTableChecksTemplateData
  location: package org.apache.fineract.in
frastructure.dataqueries.data
D:\program_data\Fineract\Fineract-without-
loan\fineract-provider\src\main\java\org\a
pache\fineract\infrastructure\dataqueries\
service\EntityDatatableChecksReadService.j
ava:30: error: cannot find symbol
    EntityDataTableChecksTemplateData 
retrieveTemplate();
    ^
  symbol:   class 
EntityDataTableChecksTemplateData
  location: interface 
EntityDatatableChecksReadService
D:\program_data\Fineract\Fineract-without-
loan\fineract-provider\src\main\java\org\a
pache\fineract\infrastructure\entityaccess
\service\FineractEntityAccessWriteServiceI
mpl.java:33: error: cannot find symbol
import org.apache.fineract.infrastructure.
entityaccess.data.FineractEntityDataValida
tor;
                                          
                 ^
  symbol:   class 
FineractEntityDataValidator
  location: package org.apache.fineract.in
frastructure.entityaccess.data
D:\program_data\Fineract\Fineract-without-
loan\fineract-provider\src\main\java\org\a
pache\fineract\infrastructure\entityaccess
\service\FineractEntityAccessWriteServiceI
mpl.java:58: error: cannot find symbol
    private final 
FineractEntityDataValidator 
fromApiJsonDeserializer;
                  ^
  symbol:   class 
FineractEntityDataValidator
  location: class 
FineractEntityAccessWriteServiceImpl
D:\program_data\Fineract\Fineract-without-
loan\fineract-provider\src\main\java\org\a
pache\fineract\infrastructure\entityaccess
\service\FineractEntityAccessWriteServiceI
mpl.java:65: error: cannot find symbol
            FineractEntityDataValidator 
fromApiJsonDeserializer) {
            ^
  symbol:   class 
FineractEntityDataValidator
  location: class 
FineractEntityAccessWriteServiceImpl
D:\program_data\Fineract\Fineract-without-
loan\fineract-provider\src\main\java\org\a
pache\fineract\infrastructure\event\busine
ss\domain\share\ShareAccountApproveBusines
sEvent.java:21: error: package org.apache.
fineract.portfolio.shareaccounts.domain 
does not exist
import org.apache.fineract.portfolio.share
accounts.domain.ShareAccount;
                                          
               ^
D:\program_data\Fineract\Fineract-without-
loan\fineract-provider\src\main\java\org\a
pache\fineract\infrastructure\event\busine
ss\domain\share\ShareAccountBusinessEvent.
java:22: error: package org.apache.finerac
t.portfolio.shareaccounts.domain does not 
exist
import org.apache.fineract.portfolio.share
accounts.domain.ShareAccount;
                                          
               ^
D:\program_data\Fineract\Fineract-without-
loan\fineract-provider\src\main\java\org\a
pache\fineract\infrastructure\event\busine
ss\domain\share\ShareAccountBusinessEvent.
java:24: error: cannot find symbol
public abstract class 
ShareAccountBusinessEvent extends 
AbstractBusinessEvent<ShareAccount> {
                                          
                                    ^
  symbol: class ShareAccount
D:\program_data\Fineract\Fineract-without-
loan\fineract-provider\src\main\java\org\a
pache\fineract\infrastructure\event\busine
ss\domain\share\ShareAccountApproveBusines
sEvent.java:27: error: cannot find symbol
    public ShareAccountApproveBusinessEven
t(ShareAccount value) {
                                          
  ^
  symbol:   class ShareAccount
  location: class 
ShareAccountApproveBusinessEvent
D:\program_data\Fineract\Fineract-without-
loan\fineract-provider\src\main\java\org\a
pache\fineract\infrastructure\event\busine
ss\domain\share\ShareAccountBusinessEvent.
java:28: error: cannot find symbol
    public 
ShareAccountBusinessEvent(ShareAccount 
value) {
                                     ^
  symbol:   class ShareAccount
  location: class 
ShareAccountBusinessEvent
D:\program_data\Fineract\Fineract-without-
loan\fineract-provider\src\main\java\org\a
pache\fineract\infrastructure\event\busine
ss\domain\share\ShareAccountCreateBusiness
Event.java:21: error: package org.apache.f
ineract.portfolio.shareaccounts.domain 
does not exist
import org.apache.fineract.portfolio.share
accounts.domain.ShareAccount;
                                          
               ^
D:\program_data\Fineract\Fineract-without-
loan\fineract-provider\src\main\java\org\a
pache\fineract\infrastructure\event\busine
ss\domain\share\ShareAccountCreateBusiness
Event.java:27: error: cannot find symbol
    public ShareAccountCreateBusinessEvent
(ShareAccount value) {
                                          
 ^
  symbol:   class ShareAccount
  location: class 
ShareAccountCreateBusinessEvent
D:\program_data\Fineract\Fineract-without-
loan\fineract-provider\src\main\java\org\a
pache\fineract\infrastructure\event\extern
al\service\serialization\mapper\share\Shar
eAccountDataMapper.java:23: error: 
package org.apache.fineract.portfolio.shar
eaccounts.data does not exist
import org.apache.fineract.portfolio.share
accounts.data.ShareAccountData;
                                          
             ^
D:\program_data\Fineract\Fineract-without-
loan\fineract-provider\src\main\java\org\a
pache\fineract\infrastructure\event\extern
al\service\serialization\mapper\share\Shar
eAccountDataMapper.java:29: error: cannot 
find symbol
    ShareAccountDataV1 
map(ShareAccountData source);
                           ^
  symbol:   class ShareAccountData
  location: interface 
ShareAccountDataMapper
D:\program_data\Fineract\Fineract-without-
loan\fineract-provider\src\main\java\org\a
pache\fineract\infrastructure\event\extern
al\service\serialization\mapper\share\Shar
eProductDataMapper.java:23: error: 
package org.apache.fineract.portfolio.shar
eproducts.data does not exist
import org.apache.fineract.portfolio.share
products.data.ShareProductData;
                                          
             ^
D:\program_data\Fineract\Fineract-without-
loan\fineract-provider\src\main\java\org\a
pache\fineract\infrastructure\event\extern
al\service\serialization\mapper\share\Shar
eProductDataMapper.java:29: error: cannot 
find symbol
    ShareProductDataV1 
map(ShareProductData source);
                           ^
  symbol:   class ShareProductData
  location: interface 
ShareProductDataMapper
D:\program_data\Fineract\Fineract-without-
loan\fineract-provider\src\main\java\org\a
pache\fineract\infrastructure\event\extern
al\service\serialization\serializer\fixedd
eposit\FixedDepositAccountBusinessEventSer
ializer.java:31: error: cannot find symbol
import org.apache.fineract.portfolio.savin
gs.service.DepositAccountReadPlatformServi
ce;
                                          
          ^
  symbol:   class 
DepositAccountReadPlatformService
  location: package org.apache.fineract.po
rtfolio.savings.service
D:\program_data\Fineract\Fineract-without-
loan\fineract-provider\src\main\java\org\a
pache\fineract\infrastructure\event\extern
al\service\serialization\serializer\fixedd
eposit\FixedDepositAccountBusinessEventSer
ializer.java:38: error: cannot find symbol
    private final 
DepositAccountReadPlatformService service;
                  ^
  symbol:   class 
DepositAccountReadPlatformService
  location: class 
FixedDepositAccountBusinessEventSerializer
D:\program_data\Fineract\Fineract-without-
loan\fineract-provider\src\main\java\org\a
pache\fineract\infrastructure\event\extern
al\service\serialization\serializer\fixedd
eposit\FixedDepositAccountBusinessEventSer
ializer.java:35: error: cannot find symbol
@RequiredArgsConstructor
^
  symbol:   class 
DepositAccountReadPlatformService
  location: class 
FixedDepositAccountBusinessEventSerializer
D:\program_data\Fineract\Fineract-without-
loan\fineract-provider\src\main\java\org\a
pache\fineract\infrastructure\event\extern
al\service\serialization\serializer\recurr
ingdeposit\RecurringDepositAccountBusiness
EventSerializer.java:31: error: cannot 
find symbol
import org.apache.fineract.portfolio.savin
gs.service.DepositAccountReadPlatformServi
ce;
                                          
          ^
  symbol:   class 
DepositAccountReadPlatformService
  location: package org.apache.fineract.po
rtfolio.savings.service
D:\program_data\Fineract\Fineract-without-
loan\fineract-provider\src\main\java\org\a
pache\fineract\infrastructure\event\extern
al\service\serialization\serializer\recurr
ingdeposit\RecurringDepositAccountBusiness
EventSerializer.java:38: error: cannot 
find symbol
    private final 
DepositAccountReadPlatformService service;
                  ^
  symbol:   class 
DepositAccountReadPlatformService
  location: class RecurringDepositAccountB
usinessEventSerializer
D:\program_data\Fineract\Fineract-without-
loan\fineract-provider\src\main\java\org\a
pache\fineract\infrastructure\event\extern
al\service\serialization\serializer\recurr
ingdeposit\RecurringDepositAccountBusiness
EventSerializer.java:35: error: cannot 
find symbol
@RequiredArgsConstructor
^
  symbol:   class 
DepositAccountReadPlatformService
  location: class RecurringDepositAccountB
usinessEventSerializer
D:\program_data\Fineract\Fineract-without-
loan\fineract-provider\src\main\java\org\a
pache\fineract\infrastructure\event\extern
al\service\serialization\serializer\share\
ShareAccountBusinessEventSerializer.java:2
9: error: package org.apache.fineract.port
folio.shareaccounts.data does not exist
import org.apache.fineract.portfolio.share
accounts.data.ShareAccountData;
                                          
             ^
D:\program_data\Fineract\Fineract-without-
loan\fineract-provider\src\main\java\org\a
pache\fineract\infrastructure\event\extern
al\service\serialization\serializer\share\
ShareAccountBusinessEventSerializer.java:3
0: error: package org.apache.fineract.port
folio.shareaccounts.service does not exist
import org.apache.fineract.portfolio.share
accounts.service.ShareAccountReadPlatformS
ervice;
                                          
                ^
D:\program_data\Fineract\Fineract-without-
loan\fineract-provider\src\main\java\org\a
pache\fineract\infrastructure\event\extern
al\service\serialization\serializer\share\
ShareAccountBusinessEventSerializer.java:3
7: error: cannot find symbol
    private final 
ShareAccountReadPlatformService service;
                  ^
  symbol:   class 
ShareAccountReadPlatformService
  location: class 
ShareAccountBusinessEventSerializer
D:\program_data\Fineract\Fineract-without-
loan\fineract-provider\src\main\java\org\a
pache\fineract\infrastructure\event\extern
al\service\serialization\serializer\share\
ShareAccountBusinessEventSerializer.java:3
4: error: cannot find symbol
@RequiredArgsConstructor
^
  symbol:   class 
ShareAccountReadPlatformService
  location: class 
ShareAccountBusinessEventSerializer
D:\program_data\Fineract\Fineract-without-
loan\fineract-provider\src\main\java\org\a
pache\fineract\infrastructure\event\extern
al\service\serialization\serializer\share\
ShareProductDividentsCreateBusinessEventSe
rializer.java:30: error: package org.apach
e.fineract.portfolio.shareproducts.data 
does not exist
import org.apache.fineract.portfolio.share
products.data.ShareProductData;
                                          
             ^
D:\program_data\Fineract\Fineract-without-
loan\fineract-provider\src\main\java\org\a
pache\fineract\infrastructure\jobs\data\pa
rtitionedjobs\PartitionedJob.java:23: 
error: package 
org.apache.fineract.cob.loan does not 
exist
import org.apache.fineract.cob.loan.LoanCO
BConstant;
                                   ^
D:\program_data\Fineract\Fineract-without-
loan\fineract-provider\src\main\java\org\a
pache\fineract\infrastructure\jobs\service
\jobparameterprovider\LoanCOBJobParameterP
rovider.java:28: error: package 
org.apache.fineract.cob.loan does not 
exist
import org.apache.fineract.cob.loan.LoanCO
BConstant;
                                   ^
D:\program_data\Fineract\Fineract-without-
loan\fineract-provider\src\main\java\org\a
pache\fineract\infrastructure\security\con
fig\AuthorizationServerConfig.java:37: 
error: cannot find symbol
import org.apache.fineract.infrastructure.
jobs.filter.LoanCOBFilterHelper;
                                          
           ^
  symbol:   class LoanCOBFilterHelper
  location: package org.apache.fineract.in
frastructure.jobs.filter
D:\program_data\Fineract\Fineract-without-
loan\fineract-provider\src\main\java\org\a
pache\fineract\infrastructure\security\con
fig\AuthorizationServerConfig.java:100: 
error: cannot find symbol
    private LoanCOBFilterHelper 
loanCOBFilterHelper;
            ^
  symbol:   class LoanCOBFilterHelper
  location: class 
AuthorizationServerConfig
D:\program_data\Fineract\Fineract-without-
loan\fineract-provider\src\main\java\org\a
pache\fineract\notification\starter\Notifi
cationConfiguration.java:29: error: 
cannot find symbol
import org.apache.fineract.notification.se
rvice.NotificationDomainServiceImpl;
                                          
     ^
  symbol:   class 
NotificationDomainServiceImpl
  location: package 
org.apache.fineract.notification.service
D:\program_data\Fineract\Fineract-without-
loan\fineract-provider\src\main\java\org\a
pache\fineract\organisation\staff\data\Sta
ffAccountSummaryCollectionData.java:23: 
error: cannot find symbol
import org.apache.fineract.portfolio.accou
ntdetails.data.LoanAccountSummaryData;
                                          
              ^
  symbol:   class LoanAccountSummaryData
  location: package org.apache.fineract.po
rtfolio.accountdetails.data
D:\program_data\Fineract\Fineract-without-
loan\fineract-provider\src\main\java\org\a
pache\fineract\organisation\staff\data\Sta
ffAccountSummaryCollectionData.java:45: 
error: cannot find symbol
        private 
Collection<LoanAccountSummaryData> loans;
                           ^
  symbol:   class LoanAccountSummaryData
  location: class LoanAccountSummary
D:\program_data\Fineract\Fineract-without-
loan\fineract-provider\src\main\java\org\a
pache\fineract\organisation\staff\data\Sta
ffAccountSummaryCollectionData.java:60: 
error: cannot find symbol
        public 
Collection<LoanAccountSummaryData> 
getLoans() {
                          ^
  symbol:   class LoanAccountSummaryData
  location: class LoanAccountSummary
D:\program_data\Fineract\Fineract-without-
loan\fineract-provider\src\main\java\org\a
pache\fineract\organisation\staff\data\Sta
ffAccountSummaryCollectionData.java:64: 
error: cannot find symbol
        public void setLoans(final 
Collection<LoanAccountSummaryData> loans) 
{
                                          
    ^
  symbol:   class LoanAccountSummaryData
  location: class LoanAccountSummary
D:\program_data\Fineract\Fineract-without-
loan\fineract-provider\src\main\java\org\a
pache\fineract\organisation\staff\starter\
OrganisationStaffConfiguration.java:26: 
error: cannot find symbol
import org.apache.fineract.organisation.st
aff.service.StaffReadPlatformServiceImpl;
                                          
           ^
  symbol:   class 
StaffReadPlatformServiceImpl
  location: package org.apache.fineract.or
ganisation.staff.service
D:\program_data\Fineract\Fineract-without-
loan\fineract-provider\src\main\java\org\a
pache\fineract\organisation\teller\service
\TellerManagementReadPlatformServiceImpl.j
ava:43: error: package org.apache.fineract
.organisation.teller.data does not exist
import org.apache.fineract.organisation.te
ller.data.CashierData;
                                          
         ^
D:\program_data\Fineract\Fineract-without-
loan\fineract-provider\src\main\java\org\a
pache\fineract\organisation\teller\service
\TellerManagementReadPlatformServiceImpl.j
ava:44: error: package org.apache.fineract
.organisation.teller.data does not exist
import org.apache.fineract.organisation.te
ller.data.CashierTransactionData;
                                          
         ^
D:\program_data\Fineract\Fineract-without-
loan\fineract-provider\src\main\java\org\a
pache\fineract\organisation\teller\service
\TellerManagementReadPlatformServiceImpl.j
ava:45: error: package org.apache.fineract
.organisation.teller.data does not exist
import org.apache.fineract.organisation.te
ller.data.CashierTransactionTypeTotalsData
;
                                          
         ^
D:\program_data\Fineract\Fineract-without-
loan\fineract-provider\src\main\java\org\a
pache\fineract\organisation\teller\service
\TellerManagementReadPlatformServiceImpl.j
ava:46: error: package org.apache.fineract
.organisation.teller.data does not exist
import org.apache.fineract.organisation.te
ller.data.CashierTransactionsWithSummaryDa
ta;
                                          
         ^
D:\program_data\Fineract\Fineract-without-
loan\fineract-provider\src\main\java\org\a
pache\fineract\organisation\teller\service
\TellerManagementReadPlatformServiceImpl.j
ava:47: error: package org.apache.fineract
.organisation.teller.data does not exist
import org.apache.fineract.organisation.te
ller.data.TellerData;
                                          
         ^
D:\program_data\Fineract\Fineract-without-
loan\fineract-provider\src\main\java\org\a
pache\fineract\organisation\teller\service
\TellerManagementReadPlatformServiceImpl.j
ava:48: error: package org.apache.fineract
.organisation.teller.data does not exist
import org.apache.fineract.organisation.te
ller.data.TellerJournalData;
                                          
         ^
D:\program_data\Fineract\Fineract-without-
loan\fineract-provider\src\main\java\org\a
pache\fineract\organisation\teller\service
\TellerManagementReadPlatformServiceImpl.j
ava:49: error: package org.apache.fineract
.organisation.teller.data does not exist
import org.apache.fineract.organisation.te
ller.data.TellerTransactionData;
                                          
         ^
D:\program_data\Fineract\Fineract-without-
loan\fineract-provider\src\main\java\org\a
pache\fineract\organisation\teller\service
\TellerManagementReadPlatformServiceImpl.j
ava:50: error: package org.apache.fineract
.organisation.teller.domain does not exist
import org.apache.fineract.organisation.te
ller.domain.CashierTxnType;
                                          
           ^
D:\program_data\Fineract\Fineract-without-
loan\fineract-provider\src\main\java\org\a
pache\fineract\organisation\teller\service
\TellerManagementReadPlatformServiceImpl.j
ava:51: error: package org.apache.fineract
.organisation.teller.domain does not exist
import org.apache.fineract.organisation.te
ller.domain.TellerStatus;
                                          
           ^
D:\program_data\Fineract\Fineract-without-
loan\fineract-provider\src\main\java\org\a
pache\fineract\organisation\teller\service
\TellerManagementReadPlatformServiceImpl.j
ava:60: error: cannot find symbol
public class 
TellerManagementReadPlatformServiceImpl 
implements 
TellerManagementReadPlatformService {
                                          
                      ^
  symbol: class 
TellerManagementReadPlatformService
D:\program_data\Fineract\Fineract-without-
loan\fineract-provider\src\main\java\org\a
pache\fineract\organisation\teller\service
\TellerManagementReadPlatformServiceImpl.j
ava:119: error: cannot find symbol
    public TellerData findTeller(final 
Long tellerId) {
           ^
  symbol:   class TellerData
  location: class 
TellerManagementReadPlatformServiceImpl
D:\program_data\Fineract\Fineract-without-
loan\fineract-provider\src\main\java\org\a
pache\fineract\organisation\teller\service
\TellerManagementReadPlatformServiceImpl.j
ava:132: error: cannot find symbol
    public Collection<TellerData> 
getTellers(Long officeId) {
                      ^
  symbol:   class TellerData
  location: class 
TellerManagementReadPlatformServiceImpl
D:\program_data\Fineract\Fineract-without-
loan\fineract-provider\src\main\java\org\a
pache\fineract\organisation\teller\service
\TellerManagementReadPlatformServiceImpl.j
ava:137: error: cannot find symbol
    public Collection<CashierData> 
getCashiersForTeller(Long tellerId, 
LocalDate fromDate, LocalDate toDate) {
                      ^
  symbol:   class CashierData
  location: class 
TellerManagementReadPlatformServiceImpl
D:\program_data\Fineract\Fineract-without-
loan\fineract-provider\src\main\java\org\a
pache\fineract\organisation\teller\service
\TellerManagementReadPlatformServiceImpl.j
ava:142: error: cannot find symbol
    public Collection<CashierData> 
retrieveCashiersForTellers(final Long 
tellerId) {
                      ^
  symbol:   class CashierData
  location: class 
TellerManagementReadPlatformServiceImpl
D:\program_data\Fineract\Fineract-without-
loan\fineract-provider\src\main\java\org\a
pache\fineract\organisation\teller\service
\TellerManagementReadPlatformServiceImpl.j
ava:149: error: cannot find symbol
    public CashierData findCashier(Long 
cashierId) {
           ^
  symbol:   class CashierData
  location: class 
TellerManagementReadPlatformServiceImpl
D:\program_data\Fineract\Fineract-without-
loan\fineract-provider\src\main\java\org\a
pache\fineract\organisation\teller\service
\TellerManagementReadPlatformServiceImpl.j
ava:161: error: cannot find symbol
    public Collection<CashierData> 
getCashierData(Long officeId, Long 
tellerId, Long staffId, LocalDate date) {
                      ^
  symbol:   class CashierData
  location: class 
TellerManagementReadPlatformServiceImpl
D:\program_data\Fineract\Fineract-without-
loan\fineract-provider\src\main\java\org\a
pache\fineract\organisation\teller\service
\TellerManagementReadPlatformServiceImpl.j
ava:167: error: cannot find symbol
    public TellerTransactionData 
findTellerTransaction(Long transactionId) 
{
           ^
  symbol:   class TellerTransactionData
  location: class 
TellerManagementReadPlatformServiceImpl
D:\program_data\Fineract\Fineract-without-
loan\fineract-provider\src\main\java\org\a
pache\fineract\organisation\teller\service
\TellerManagementReadPlatformServiceImpl.j
ava:173: error: cannot find symbol
    public 
Collection<TellerTransactionData> 
fetchTellerTransactionsByTellerId(Long 
tellerId, LocalDate fromDate, LocalDate 
toDate) {
                      ^
  symbol:   class TellerTransactionData
  location: class 
TellerManagementReadPlatformServiceImpl
D:\program_data\Fineract\Fineract-without-
loan\fineract-provider\src\main\java\org\a
pache\fineract\organisation\teller\service
\TellerManagementReadPlatformServiceImpl.j
ava:179: error: cannot find symbol
    public Collection<TellerJournalData> 
getJournals(Long officeId, Long tellerId, 
Long cashierId, LocalDate dateFrom, 
LocalDate dateTo) {
                      ^
  symbol:   class TellerJournalData
  location: class 
TellerManagementReadPlatformServiceImpl
D:\program_data\Fineract\Fineract-without-
loan\fineract-provider\src\main\java\org\a
pache\fineract\organisation\teller\service
\TellerManagementReadPlatformServiceImpl.j
ava:185: error: cannot find symbol
    public Collection<TellerJournalData> 
fetchTellerJournals(Long tellerId, Long 
cashierId, LocalDate fromDate, LocalDate 
toDate) {
                      ^
  symbol:   class TellerJournalData
  location: class 
TellerManagementReadPlatformServiceImpl
D:\program_data\Fineract\Fineract-without-
loan\fineract-provider\src\main\java\org\a
pache\fineract\organisation\teller\service
\TellerManagementReadPlatformServiceImpl.j
ava:191: error: cannot find symbol
    public Collection<TellerData> 
retrieveAllTellers(final boolean 
includeAllTellers) {
                      ^
  symbol:   class TellerData
  location: class 
TellerManagementReadPlatformServiceImpl
D:\program_data\Fineract\Fineract-without-
loan\fineract-provider\src\main\java\org\a
pache\fineract\organisation\teller\service
\TellerManagementReadPlatformServiceImpl.j
ava:207: error: cannot find symbol
    public CashierData 
retrieveCashierTemplate(Long officeId, 
Long tellerId, boolean 
staffInSelectedOfficeOnly) {
           ^
  symbol:   class CashierData
  location: class 
TellerManagementReadPlatformServiceImpl
D:\program_data\Fineract\Fineract-without-
loan\fineract-provider\src\main\java\org\a
pache\fineract\organisation\teller\service
\TellerManagementReadPlatformServiceImpl.j
ava:239: error: cannot find symbol
    public CashierTransactionData 
retrieveCashierTxnTemplate(Long 
cashierId) {
           ^
  symbol:   class CashierTransactionData
  location: class 
TellerManagementReadPlatformServiceImpl
D:\program_data\Fineract\Fineract-without-
loan\fineract-provider\src\main\java\org\a
pache\fineract\organisation\teller\service
\TellerManagementReadPlatformServiceImpl.j
ava:270: error: cannot find symbol
    public 
CashierTransactionsWithSummaryData retriev
eCashierTransactionsWithSummary(final 
Long cashierId, final boolean 
includeAllTellers,
           ^
  symbol:   class 
CashierTransactionsWithSummaryData
  location: class 
TellerManagementReadPlatformServiceImpl
D:\program_data\Fineract\Fineract-without-
loan\fineract-provider\src\main\java\org\a
pache\fineract\organisation\teller\service
\TellerManagementReadPlatformServiceImpl.j
ava:315: error: cannot find symbol
    public Page<CashierTransactionData> 
retrieveCashierTransactions(final Long 
cashierId, final boolean 
includeAllTellers,
                ^
  symbol:   class CashierTransactionData
  location: class 
TellerManagementReadPlatformServiceImpl
D:\program_data\Fineract\Fineract-without-
loan\fineract-provider\src\main\java\org\a
pache\fineract\organisation\teller\service
\TellerManagementReadPlatformServiceImpl.j
ava:71: error: cannot find symbol
    private static final class 
TellerMapper implements 
RowMapper<TellerData> {
                                          
                       ^
  symbol:   class TellerData
  location: class 
TellerManagementReadPlatformServiceImpl
D:\program_data\Fineract\Fineract-without-
loan\fineract-provider\src\main\java\org\a
pache\fineract\organisation\teller\service
\TellerManagementReadPlatformServiceImpl.j
ava:87: error: cannot find symbol
        public TellerData mapRow(final 
ResultSet rs, final int rowNum) throws 
SQLException {
               ^
  symbol:   class TellerData
  location: class TellerMapper
D:\program_data\Fineract\Fineract-without-
loan\fineract-provider\src\main\java\org\a
pache\fineract\organisation\teller\service
\TellerManagementReadPlatformServiceImpl.j
ava:357: error: cannot find symbol
    private static final class 
CashierMapper implements 
RowMapper<CashierData> {
                                          
                        ^
  symbol:   class CashierData
  location: class 
TellerManagementReadPlatformServiceImpl
D:\program_data\Fineract\Fineract-without-
loan\fineract-provider\src\main\java\org\a
pache\fineract\organisation\teller\service
\TellerManagementReadPlatformServiceImpl.j
ava:375: error: cannot find symbol
        public CashierData mapRow(final 
ResultSet rs, final int rowNum) throws 
SQLException {
               ^
  symbol:   class CashierData
  location: class CashierMapper
D:\program_data\Fineract\Fineract-without-
loan\fineract-provider\src\main\java\org\a
pache\fineract\organisation\teller\service
\TellerManagementReadPlatformServiceImpl.j
ava:395: error: cannot find symbol
    private static final class 
CashierTransactionMapper implements 
RowMapper<CashierTransactionData> {
                                          
                                   ^
  symbol:   class CashierTransactionData
  location: class 
TellerManagementReadPlatformServiceImpl
D:\program_data\Fineract\Fineract-without-
loan\fineract-provider\src\main\java\org\a
pache\fineract\organisation\teller\service
\TellerManagementReadPlatformServiceImpl.j
ava:526: error: cannot find symbol
        public CashierTransactionData 
mapRow(final ResultSet rs, final int 
rowNum) throws SQLException {
               ^
  symbol:   class CashierTransactionData
  location: class CashierTransactionMapper
D:\program_data\Fineract\Fineract-without-
loan\fineract-provider\src\main\java\org\a
pache\fineract\organisation\teller\service
\TellerManagementReadPlatformServiceImpl.j
ava:559: error: cannot find symbol
    private static final class 
CashierTransactionSummaryMapper 
implements RowMapper<CashierTransactionTyp
eTotalsData> {
                                          
                                          
^
  symbol:   class 
CashierTransactionTypeTotalsData
  location: class 
TellerManagementReadPlatformServiceImpl
D:\program_data\Fineract\Fineract-without-
loan\fineract-provider\src\main\java\org\a
pache\fineract\organisation\teller\service
\TellerManagementReadPlatformServiceImpl.j
ava:695: error: cannot find symbol
        public 
CashierTransactionTypeTotalsData 
mapRow(final ResultSet rs, final int 
rowNum) throws SQLException {
               ^
  symbol:   class 
CashierTransactionTypeTotalsData
  location: class 
CashierTransactionSummaryMapper
D:\program_data\Fineract\Fineract-without-
loan\fineract-provider\src\main\java\org\a
pache\fineract\organisation\teller\service
\TellerWritePlatformServiceJpaImpl.java:46
: error: package org.apache.fineract.organ
isation.teller.data does not exist
import org.apache.fineract.organisation.te
ller.data.CashierTransactionDataValidator;
                                          
         ^
D:\program_data\Fineract\Fineract-without-
loan\fineract-provider\src\main\java\org\a
pache\fineract\organisation\teller\service
\TellerWritePlatformServiceJpaImpl.java:47
: error: package org.apache.fineract.organ
isation.teller.domain does not exist
import org.apache.fineract.organisation.te
ller.domain.Cashier;
                                          
           ^
D:\program_data\Fineract\Fineract-without-
loan\fineract-provider\src\main\java\org\a
pache\fineract\organisation\teller\service
\TellerWritePlatformServiceJpaImpl.java:48
: error: package org.apache.fineract.organ
isation.teller.domain does not exist
import org.apache.fineract.organisation.te
ller.domain.CashierRepository;
                                          
           ^
D:\program_data\Fineract\Fineract-without-
loan\fineract-provider\src\main\java\org\a
pache\fineract\organisation\teller\service
\TellerWritePlatformServiceJpaImpl.java:49
: error: package org.apache.fineract.organ
isation.teller.domain does not exist
import org.apache.fineract.organisation.te
ller.domain.CashierTransaction;
                                          
           ^
D:\program_data\Fineract\Fineract-without-
loan\fineract-provider\src\main\java\org\a
pache\fineract\organisation\teller\service
\TellerWritePlatformServiceJpaImpl.java:50
: error: package org.apache.fineract.organ
isation.teller.domain does not exist
import org.apache.fineract.organisation.te
ller.domain.CashierTransactionRepository;
                                          
           ^
D:\program_data\Fineract\Fineract-without-
loan\fineract-provider\src\main\java\org\a
pache\fineract\organisation\teller\service
\TellerWritePlatformServiceJpaImpl.java:51
: error: package org.apache.fineract.organ
isation.teller.domain does not exist
import org.apache.fineract.organisation.te
ller.domain.CashierTxnType;
                                          
           ^
D:\program_data\Fineract\Fineract-without-
loan\fineract-provider\src\main\java\org\a
pache\fineract\organisation\teller\service
\TellerWritePlatformServiceJpaImpl.java:52
: error: package org.apache.fineract.organ
isation.teller.domain does not exist
import org.apache.fineract.organisation.te
ller.domain.Teller;
                                          
           ^
D:\program_data\Fineract\Fineract-without-
loan\fineract-provider\src\main\java\org\a
pache\fineract\organisation\teller\service
\TellerWritePlatformServiceJpaImpl.java:53
: error: package org.apache.fineract.organ
isation.teller.domain does not exist
import org.apache.fineract.organisation.te
ller.domain.TellerRepositoryWrapper;
                                          
           ^
D:\program_data\Fineract\Fineract-without-
loan\fineract-provider\src\main\java\org\a
pache\fineract\organisation\teller\service
\TellerWritePlatformServiceJpaImpl.java:54
: error: package org.apache.fineract.organ
isation.teller.exception does not exist
import org.apache.fineract.organisation.te
ller.exception.CashierExistForTellerExcept
ion;
                                          
              ^
D:\program_data\Fineract\Fineract-without-
loan\fineract-provider\src\main\java\org\a
pache\fineract\organisation\teller\service
\TellerWritePlatformServiceJpaImpl.java:55
: error: package org.apache.fineract.organ
isation.teller.exception does not exist
import org.apache.fineract.organisation.te
ller.exception.CashierNotFoundException;
                                          
              ^
D:\program_data\Fineract\Fineract-without-
loan\fineract-provider\src\main\java\org\a
pache\fineract\organisation\teller\service
\TellerWritePlatformServiceJpaImpl.java:56
: error: package org.apache.fineract.organ
isation.teller.serialization does not 
exist
import org.apache.fineract.organisation.te
ller.serialization.TellerCommandFromApiJso
nDeserializer;
                                          
                  ^
D:\program_data\Fineract\Fineract-without-
loan\fineract-provider\src\main\java\org\a
pache\fineract\organisation\teller\service
\TellerWritePlatformServiceJpaImpl.java:64
: error: cannot find symbol
public class 
TellerWritePlatformServiceJpaImpl 
implements TellerWritePlatformService {
                                          
                ^
  symbol: class TellerWritePlatformService
D:\program_data\Fineract\Fineract-without-
loan\fineract-provider\src\main\java\org\a
pache\fineract\organisation\teller\service
\TellerWritePlatformServiceJpaImpl.java:67
: error: cannot find symbol
    private final 
TellerCommandFromApiJsonDeserializer 
fromApiJsonDeserializer;
                  ^
  symbol:   class 
TellerCommandFromApiJsonDeserializer
  location: class 
TellerWritePlatformServiceJpaImpl
D:\program_data\Fineract\Fineract-without-
loan\fineract-provider\src\main\java\org\a
pache\fineract\organisation\teller\service
\TellerWritePlatformServiceJpaImpl.java:68
: error: cannot find symbol
    private final TellerRepositoryWrapper 
tellerRepositoryWrapper;
                  ^
  symbol:   class TellerRepositoryWrapper
  location: class 
TellerWritePlatformServiceJpaImpl
D:\program_data\Fineract\Fineract-without-
loan\fineract-provider\src\main\java\org\a
pache\fineract\organisation\teller\service
\TellerWritePlatformServiceJpaImpl.java:71
: error: cannot find symbol
    private final CashierRepository 
cashierRepository;
                  ^
  symbol:   class CashierRepository
  location: class 
TellerWritePlatformServiceJpaImpl
D:\program_data\Fineract\Fineract-without-
loan\fineract-provider\src\main\java\org\a
pache\fineract\organisation\teller\service
\TellerWritePlatformServiceJpaImpl.java:72
: error: cannot find symbol
    private final 
CashierTransactionRepository 
cashierTxnRepository;
                  ^
  symbol:   class 
CashierTransactionRepository
  location: class 
TellerWritePlatformServiceJpaImpl
D:\program_data\Fineract\Fineract-without-
loan\fineract-provider\src\main\java\org\a
pache\fineract\organisation\teller\service
\TellerWritePlatformServiceJpaImpl.java:75
: error: cannot find symbol
    private final 
CashierTransactionDataValidator 
cashierTransactionDataValidator;
                  ^
  symbol:   class 
CashierTransactionDataValidator
  location: class 
TellerWritePlatformServiceJpaImpl
D:\program_data\Fineract\Fineract-without-
loan\fineract-provider\src\main\java\org\a
pache\fineract\organisation\teller\service
\TellerWritePlatformServiceJpaImpl.java:14
9: error: cannot find symbol
    private Teller validateUserPriviledgeO
nTellerAndRetrieve(final AppUser 
currentUser, final Long tellerId) {
            ^
  symbol:   class Teller
  location: class 
TellerWritePlatformServiceJpaImpl
D:\program_data\Fineract\Fineract-without-
loan\fineract-provider\src\main\java\org\a
pache\fineract\organisation\teller\service
\TellerWritePlatformServiceJpaImpl.java:29
4: error: cannot find symbol
    private Cashier validateUserPriviledge
OnCashierAndRetrieve(final AppUser 
currentUser, final Long tellerId, final 
Long cashierId) {
            ^
  symbol:   class Cashier
  location: class 
TellerWritePlatformServiceJpaImpl
D:\program_data\Fineract\Fineract-without-
loan\fineract-provider\src\main\java\org\a
pache\fineract\organisation\teller\service
\TellerWritePlatformServiceJpaImpl.java:35
0: error: cannot find symbol
    private CommandProcessingResult 
doTransactionForCashier(final Long 
cashierId, final CashierTxnType txnType, 
JsonCommand command) {
                                          
                                          
    ^
  symbol:   class CashierTxnType
  location: class 
TellerWritePlatformServiceJpaImpl
D:\program_data\Fineract\Fineract-without-
loan\fineract-provider\src\main\java\org\a
pache\fineract\organisation\teller\service
\TellerWritePlatformServiceJpaImpl.java:62
: error: cannot find symbol
@AllArgsConstructor
^
  symbol:   class 
TellerCommandFromApiJsonDeserializer
  location: class 
TellerWritePlatformServiceJpaImpl
D:\program_data\Fineract\Fineract-without-
loan\fineract-provider\src\main\java\org\a
pache\fineract\portfolio\accountdetails\da
ta\AccountSummaryCollectionData.java:29: 
error: cannot find symbol
    private final 
Collection<LoanAccountSummaryData> 
loanAccounts;
                             ^
  symbol:   class LoanAccountSummaryData
  location: class 
AccountSummaryCollectionData
D:\program_data\Fineract\Fineract-without-
loan\fineract-provider\src\main\java\org\a
pache\fineract\portfolio\accountdetails\da
ta\AccountSummaryCollectionData.java:30: 
error: cannot find symbol
    private final 
Collection<LoanAccountSummaryData> 
groupLoanIndividualMonitoringAccounts;
                             ^
  symbol:   class LoanAccountSummaryData
  location: class 
AccountSummaryCollectionData
D:\program_data\Fineract\Fineract-without-
loan\fineract-provider\src\main\java\org\a
pache\fineract\portfolio\accountdetails\da
ta\ShareAccountSummaryData.java:24: 
error: package org.apache.fineract.portfol
io.shareaccounts.data does not exist
import org.apache.fineract.portfolio.share
accounts.data.ShareAccountApplicationTimel
ineData;
                                          
             ^
D:\program_data\Fineract\Fineract-without-
loan\fineract-provider\src\main\java\org\a
pache\fineract\portfolio\accountdetails\da
ta\ShareAccountSummaryData.java:25: 
error: package org.apache.fineract.portfol
io.shareaccounts.data does not exist
import org.apache.fineract.portfolio.share
accounts.data.ShareAccountStatusEnumData;
                                          
             ^
D:\program_data\Fineract\Fineract-without-
loan\fineract-provider\src\main\java\org\a
pache\fineract\portfolio\accountdetails\da
ta\AccountSummaryCollectionData.java:33: 
error: cannot find symbol
    private final 
Collection<GuarantorAccountSummaryData> 
guarantorAccounts;
                             ^
  symbol:   class 
GuarantorAccountSummaryData
  location: class 
AccountSummaryCollectionData
D:\program_data\Fineract\Fineract-without-
loan\fineract-provider\src\main\java\org\a
pache\fineract\portfolio\accountdetails\da
ta\AccountSummaryCollectionData.java:35: 
error: cannot find symbol
    private final 
Collection<LoanAccountSummaryData> 
memberLoanAccounts;
                             ^
  symbol:   class LoanAccountSummaryData
  location: class 
AccountSummaryCollectionData
D:\program_data\Fineract\Fineract-without-
loan\fineract-provider\src\main\java\org\a
pache\fineract\portfolio\accountdetails\da
ta\AccountSummaryCollectionData.java:37: 
error: cannot find symbol
    private final 
Collection<GuarantorAccountSummaryData> 
memberGuarantorAccounts;
                             ^
  symbol:   class 
GuarantorAccountSummaryData
  location: class 
AccountSummaryCollectionData
D:\program_data\Fineract\Fineract-without-
loan\fineract-provider\src\main\java\org\a
pache\fineract\portfolio\accountdetails\da
ta\AccountSummaryCollectionData.java:42: 
error: cannot find symbol
    public 
AccountSummaryCollectionData(final 
Collection<LoanAccountSummaryData> 
loanAccounts,
                                          
               ^
  symbol:   class LoanAccountSummaryData
  location: class 
AccountSummaryCollectionData
D:\program_data\Fineract\Fineract-without-
loan\fineract-provider\src\main\java\org\a
pache\fineract\portfolio\accountdetails\da
ta\AccountSummaryCollectionData.java:43: 
error: cannot find symbol
            final 
Collection<LoanAccountSummaryData> 
groupLoanIndividualMonitoringAccounts,
                             ^
  symbol:   class LoanAccountSummaryData
  location: class 
AccountSummaryCollectionData
D:\program_data\Fineract\Fineract-without-
loan\fineract-provider\src\main\java\org\a
pache\fineract\portfolio\accountdetails\da
ta\AccountSummaryCollectionData.java:45: 
error: cannot find symbol
            final 
Collection<GuarantorAccountSummaryData> 
guarantorAccounts) {
                             ^
  symbol:   class 
GuarantorAccountSummaryData
  location: class 
AccountSummaryCollectionData
D:\program_data\Fineract\Fineract-without-
loan\fineract-provider\src\main\java\org\a
pache\fineract\portfolio\accountdetails\da
ta\AccountSummaryCollectionData.java:57: 
error: cannot find symbol
    public 
AccountSummaryCollectionData(final 
Collection<LoanAccountSummaryData> 
loanAccounts,
                                          
               ^
  symbol:   class LoanAccountSummaryData
  location: class 
AccountSummaryCollectionData
D:\program_data\Fineract\Fineract-without-
loan\fineract-provider\src\main\java\org\a
pache\fineract\portfolio\accountdetails\da
ta\AccountSummaryCollectionData.java:58: 
error: cannot find symbol
            final 
Collection<LoanAccountSummaryData> 
groupLoanIndividualMonitoringAccounts,
                             ^
  symbol:   class LoanAccountSummaryData
  location: class 
AccountSummaryCollectionData
D:\program_data\Fineract\Fineract-without-
loan\fineract-provider\src\main\java\org\a
pache\fineract\portfolio\accountdetails\da
ta\AccountSummaryCollectionData.java:59: 
error: cannot find symbol
            final 
Collection<SavingsAccountSummaryData> 
savingsAccounts, final 
Collection<GuarantorAccountSummaryData> 
guarantorAccounts,
                                          
                                          
      ^
  symbol:   class 
GuarantorAccountSummaryData
  location: class 
AccountSummaryCollectionData
D:\program_data\Fineract\Fineract-without-
loan\fineract-provider\src\main\java\org\a
pache\fineract\portfolio\accountdetails\da
ta\AccountSummaryCollectionData.java:60: 
error: cannot find symbol
            final 
Collection<LoanAccountSummaryData> 
memberLoanAccounts, final 
Collection<SavingsAccountSummaryData> 
memberSavingsAccounts,
                             ^
  symbol:   class LoanAccountSummaryData
  location: class 
AccountSummaryCollectionData
D:\program_data\Fineract\Fineract-without-
loan\fineract-provider\src\main\java\org\a
pache\fineract\portfolio\accountdetails\da
ta\AccountSummaryCollectionData.java:61: 
error: cannot find symbol
            final 
Collection<GuarantorAccountSummaryData> 
memberGuarantorAccounts) {
                             ^
  symbol:   class 
GuarantorAccountSummaryData
  location: class 
AccountSummaryCollectionData
D:\program_data\Fineract\Fineract-without-
loan\fineract-provider\src\main\java\org\a
pache\fineract\portfolio\accountdetails\da
ta\AccountSummaryCollectionData.java:74: 
error: cannot find symbol
    private 
Collection<LoanAccountSummaryData> 
defaultLoanAccountsIfEmpty(final 
Collection<LoanAccountSummaryData> 
collection) {
                                          
                                          
       ^
  symbol:   class LoanAccountSummaryData
  location: class 
AccountSummaryCollectionData
D:\program_data\Fineract\Fineract-without-
loan\fineract-provider\src\main\java\org\a
pache\fineract\portfolio\accountdetails\da
ta\AccountSummaryCollectionData.java:74: 
error: cannot find symbol
    private 
Collection<LoanAccountSummaryData> 
defaultLoanAccountsIfEmpty(final 
Collection<LoanAccountSummaryData> 
collection) {
                       ^
  symbol:   class LoanAccountSummaryData
  location: class 
AccountSummaryCollectionData
D:\program_data\Fineract\Fineract-without-
loan\fineract-provider\src\main\java\org\a
pache\fineract\portfolio\accountdetails\da
ta\AccountSummaryCollectionData.java:99: 
error: cannot find symbol
            final 
Collection<GuarantorAccountSummaryData> 
collection) {
                             ^
  symbol:   class 
GuarantorAccountSummaryData
  location: class 
AccountSummaryCollectionData
D:\program_data\Fineract\Fineract-without-
loan\fineract-provider\src\main\java\org\a
pache\fineract\portfolio\accountdetails\da
ta\AccountSummaryCollectionData.java:98: 
error: cannot find symbol
    private 
Collection<GuarantorAccountSummaryData> 
defaultGuarantorAccountsIfEmpty(
                       ^
  symbol:   class 
GuarantorAccountSummaryData
  location: class 
AccountSummaryCollectionData
D:\program_data\Fineract\Fineract-without-
loan\fineract-provider\src\main\java\org\a
pache\fineract\portfolio\accountdetails\da
ta\ShareAccountSummaryData.java:38: 
error: cannot find symbol
    private final 
ShareAccountStatusEnumData status;
                  ^
  symbol:   class 
ShareAccountStatusEnumData
  location: class ShareAccountSummaryData
D:\program_data\Fineract\Fineract-without-
loan\fineract-provider\src\main\java\org\a
pache\fineract\portfolio\accountdetails\da
ta\ShareAccountSummaryData.java:40: 
error: cannot find symbol
    private final 
ShareAccountApplicationTimelineData 
timeline;
                  ^
  symbol:   class 
ShareAccountApplicationTimelineData
  location: class ShareAccountSummaryData
D:\program_data\Fineract\Fineract-without-
loan\fineract-provider\src\main\java\org\a
pache\fineract\portfolio\accountdetails\da
ta\ShareAccountSummaryData.java:43: 
error: cannot find symbol
            final String productName, 
final String shortProductName, final 
ShareAccountStatusEnumData status, final 
CurrencyData currency,
                                          
                                 ^
  symbol:   class 
ShareAccountStatusEnumData
  location: class ShareAccountSummaryData
D:\program_data\Fineract\Fineract-without-
loan\fineract-provider\src\main\java\org\a
pache\fineract\portfolio\accountdetails\da
ta\ShareAccountSummaryData.java:44: 
error: cannot find symbol
            final Long approvedShares, 
final Long pendingForApprovalShares, 
final ShareAccountApplicationTimelineData 
timeline) {
                                          
                                        ^
  symbol:   class 
ShareAccountApplicationTimelineData
  location: class ShareAccountSummaryData
D:\program_data\Fineract\Fineract-without-
loan\fineract-provider\src\main\java\org\a
pache\fineract\portfolio\accountdetails\da
ta\ShareAccountSummaryData.java:38: 
error: cannot find symbol
    private final 
ShareAccountStatusEnumData status;
                                          
   ^
  symbol:   class 
ShareAccountStatusEnumData
  location: class ShareAccountSummaryData
D:\program_data\Fineract\Fineract-without-
loan\fineract-provider\src\main\java\org\a
pache\fineract\portfolio\accountdetails\da
ta\ShareAccountSummaryData.java:40: 
error: cannot find symbol
    private final 
ShareAccountApplicationTimelineData 
timeline;
                                          
            ^
  symbol:   class 
ShareAccountApplicationTimelineData
  location: class ShareAccountSummaryData
D:\program_data\Fineract\Fineract-without-
loan\fineract-provider\src\main\java\org\a
pache\fineract\portfolio\accountdetails\se
rvice\AccountDetailsReadPlatformService.ja
va:24: error: cannot find symbol
import org.apache.fineract.portfolio.accou
ntdetails.data.LoanAccountSummaryData;
                                          
              ^
  symbol:   class LoanAccountSummaryData
  location: package org.apache.fineract.po
rtfolio.accountdetails.data
D:\program_data\Fineract\Fineract-without-
loan\fineract-provider\src\main\java\org\a
pache\fineract\portfolio\accountdetails\se
rvice\AccountDetailsReadPlatformService.ja
va:32: error: cannot find symbol
    Collection<LoanAccountSummaryData> ret
rieveClientLoanAccountsByLoanOfficerId(Lon
g clientId, Long loanOfficerId);
               ^
  symbol:   class LoanAccountSummaryData
  location: interface 
AccountDetailsReadPlatformService
D:\program_data\Fineract\Fineract-without-
loan\fineract-provider\src\main\java\org\a
pache\fineract\portfolio\accountdetails\se
rvice\AccountDetailsReadPlatformService.ja
va:34: error: cannot find symbol
    Collection<LoanAccountSummaryData> ret
rieveGroupLoanAccountsByLoanOfficerId(Long
 groupId, Long loanOfficerId);
               ^
  symbol:   class LoanAccountSummaryData
  location: interface 
AccountDetailsReadPlatformService
D:\program_data\Fineract\Fineract-without-
loan\fineract-provider\src\main\java\org\a
pache\fineract\portfolio\accountdetails\se
rvice\AccountDetailsReadPlatformService.ja
va:36: error: cannot find symbol
    Collection<LoanAccountSummaryData> ret
rieveClientActiveLoanAccountSummary(Long 
clientId);
               ^
  symbol:   class LoanAccountSummaryData
  location: interface 
AccountDetailsReadPlatformService
D:\program_data\Fineract\Fineract-without-
loan\fineract-provider\src\main\java\org\a
pache\fineract\portfolio\accountdetails\se
rvice\AccountDetailsReadPlatformService.ja
va:38: error: cannot find symbol
    List<LoanAccountSummaryData> retrieveL
oanAccountDetailsByGroupIdAndGlimAccountNu
mber(Long groupId, String glimAccount);
         ^
  symbol:   class LoanAccountSummaryData
  location: interface 
AccountDetailsReadPlatformService
D:\program_data\Fineract\Fineract-without-
loan\fineract-provider\src\main\java\org\a
pache\fineract\portfolio\accountdetails\se
rvice\AccountDetailsReadPlatformService.ja
va:40: error: cannot find symbol
    Collection<LoanAccountSummaryData> ret
rieveGroupActiveLoanAccountSummary(Long 
groupId);
               ^
  symbol:   class LoanAccountSummaryData
  location: interface 
AccountDetailsReadPlatformService
D:\program_data\Fineract\Fineract-without-
loan\fineract-provider\src\main\java\org\a
pache\fineract\portfolio\accounts\api\Acco
untsApiResource.java:58: error: package or
g.apache.fineract.portfolio.shareaccounts.
data does not exist
import org.apache.fineract.portfolio.share
accounts.data.ShareAccountData;
                                          
             ^
D:\program_data\Fineract\Fineract-without-
loan\fineract-provider\src\main\java\org\a
pache\fineract\portfolio\accounts\api\Acco
untsApiResource.java:59: error: package or
g.apache.fineract.portfolio.shareaccounts.
service does not exist
import org.apache.fineract.portfolio.share
accounts.service.ShareAccountReadPlatformS
ervice;
                                          
                ^
D:\program_data\Fineract\Fineract-without-
loan\fineract-provider\src\main\java\org\a
pache\fineract\portfolio\accounts\api\Acco
untsApiResource.java:76: error: cannot 
find symbol
    private final 
ShareAccountReadPlatformService 
shareAccountReadPlatformService;
                  ^
  symbol:   class 
ShareAccountReadPlatformService
  location: class AccountsApiResource
D:\program_data\Fineract\Fineract-without-
loan\fineract-provider\src\main\java\org\a
pache\fineract\portfolio\accounts\api\Acco
untsApiResource.java:87: error: cannot 
find symbol
    public ShareAccountData 
template(@PathParam("type") 
@Parameter(description = "type") final 
String accountType,
           ^
  symbol:   class ShareAccountData
  location: class AccountsApiResource
D:\program_data\Fineract\Fineract-without-
loan\fineract-provider\src\main\java\org\a
pache\fineract\portfolio\accounts\api\Acco
untsApiResource.java:102: error: cannot 
find symbol
    public ShareAccountData 
retrieveAccount(@PathParam("accountId") 
@Parameter(description = "accountId") 
final Long accountId,
           ^
  symbol:   class ShareAccountData
  location: class AccountsApiResource
D:\program_data\Fineract\Fineract-without-
loan\fineract-provider\src\main\java\org\a
pache\fineract\portfolio\accounts\api\Acco
untsApiResource.java:67: error: cannot 
find symbol
@RequiredArgsConstructor
^
  symbol:   class 
ShareAccountReadPlatformService
  location: class AccountsApiResource
D:\program_data\Fineract\Fineract-without-
loan\fineract-provider\src\main\java\org\a
pache\fineract\portfolio\calendar\domain\C
alendarInstanceRepositoryWrapper.java:39: 
error: cannot find symbol
    private final 
CalendarInstanceRepository repository;
                  ^
  symbol:   class 
CalendarInstanceRepository
  location: class 
CalendarInstanceRepositoryWrapper
D:\program_data\Fineract\Fineract-without-
loan\fineract-provider\src\main\java\org\a
pache\fineract\portfolio\calendar\domain\C
alendarInstanceRepositoryWrapper.java:42: 
error: cannot find symbol
    public 
CalendarInstanceRepositoryWrapper(final 
CalendarInstanceRepository repository) {
                                          
         ^
  symbol:   class 
CalendarInstanceRepository
  location: class 
CalendarInstanceRepositoryWrapper
D:\program_data\Fineract\Fineract-without-
loan\fineract-provider\src\main\java\org\a
pache\fineract\portfolio\charge\util\Conve
rtChargeDataToSpecificChargeData.java:26: 
error: package org.apache.fineract.portfol
io.shareaccounts.data does not exist
import org.apache.fineract.portfolio.share
accounts.data.ShareAccountChargeData;
                                          
             ^
D:\program_data\Fineract\Fineract-without-
loan\fineract-provider\src\main\java\org\a
pache\fineract\portfolio\charge\util\Conve
rtChargeDataToSpecificChargeData.java:59: 
error: cannot find symbol
    public static ShareAccountChargeData 
toShareAccountChargeData(final ChargeData 
chargeData) {
                  ^
  symbol:   class ShareAccountChargeData
  location: class 
ConvertChargeDataToSpecificChargeData
D:\program_data\Fineract\Fineract-without-
loan\fineract-provider\src\main\java\org\a
pache\fineract\portfolio\client\service\Cl
ientChargeWritePlatformServiceImpl.java:31
: error: cannot find symbol
import org.apache.fineract.accounting.jour
nalentry.service.JournalEntryWritePlatform
Service;
                                          
                ^
  symbol:   class 
JournalEntryWritePlatformService
  location: package org.apache.fineract.ac
counting.journalentry.service
D:\program_data\Fineract\Fineract-without-
loan\fineract-provider\src\main\java\org\a
pache\fineract\portfolio\client\service\Cl
ientChargeWritePlatformServiceImpl.java:80
: error: cannot find symbol
    private final 
JournalEntryWritePlatformService 
journalEntryWritePlatformService;
                  ^
  symbol:   class 
JournalEntryWritePlatformService
  location: class 
ClientChargeWritePlatformServiceImpl
D:\program_data\Fineract\Fineract-without-
loan\fineract-provider\src\main\java\org\a
pache\fineract\portfolio\client\service\Cl
ientChargeWritePlatformServiceImpl.java:67
: error: cannot find symbol
@RequiredArgsConstructor
^
  symbol:   class 
JournalEntryWritePlatformService
  location: class 
ClientChargeWritePlatformServiceImpl
D:\program_data\Fineract\Fineract-without-
loan\fineract-provider\src\main\java\org\a
pache\fineract\portfolio\client\service\Cl
ientReadPlatformServiceImpl.java:57: 
error: package org.apache.fineract.portfol
io.collateralmanagement.domain does not 
exist
import org.apache.fineract.portfolio.colla
teralmanagement.domain.ClientCollateralMan
agement;
                                          
                      ^
D:\program_data\Fineract\Fineract-without-
loan\fineract-provider\src\main\java\org\a
pache\fineract\portfolio\client\service\Cl
ientReadPlatformServiceImpl.java:58: 
error: package org.apache.fineract.portfol
io.collateralmanagement.domain does not 
exist
import org.apache.fineract.portfolio.colla
teralmanagement.domain.ClientCollateralMan
agementRepositoryWrapper;
                                          
                      ^
D:\program_data\Fineract\Fineract-without-
loan\fineract-provider\src\main\java\org\a
pache\fineract\portfolio\client\service\Cl
ientReadPlatformServiceImpl.java:82: 
error: cannot find symbol
    private final ClientCollateralManageme
ntRepositoryWrapper clientCollateralManage
mentRepositoryWrapper;
                  ^
  symbol:   class ClientCollateralManageme
ntRepositoryWrapper
  location: class 
ClientReadPlatformServiceImpl
D:\program_data\Fineract\Fineract-without-
loan\fineract-provider\src\main\java\org\a
pache\fineract\portfolio\client\service\Cl
ientReadPlatformServiceImpl.java:67: 
error: cannot find symbol
@RequiredArgsConstructor
^
  symbol:   class ClientCollateralManageme
ntRepositoryWrapper
  location: class 
ClientReadPlatformServiceImpl
D:\program_data\Fineract\Fineract-without-
loan\fineract-provider\src\main\java\org\a
pache\fineract\portfolio\client\service\Cl
ientTransactionWritePlatformServiceJpaRepo
sitoryImpl.java:24: error: cannot find 
symbol
import org.apache.fineract.accounting.jour
nalentry.service.JournalEntryWritePlatform
Service;
                                          
                ^
  symbol:   class 
JournalEntryWritePlatformService
  location: package org.apache.fineract.ac
counting.journalentry.service
D:\program_data\Fineract\Fineract-without-
loan\fineract-provider\src\main\java\org\a
pache\fineract\portfolio\client\service\Cl
ientTransactionWritePlatformServiceJpaRepo
sitoryImpl.java:45: error: cannot find 
symbol
    private final 
JournalEntryWritePlatformService 
journalEntryWritePlatformService;
                  ^
  symbol:   class 
JournalEntryWritePlatformService
  location: class ClientTransactionWritePl
atformServiceJpaRepositoryImpl
D:\program_data\Fineract\Fineract-without-
loan\fineract-provider\src\main\java\org\a
pache\fineract\portfolio\client\service\Cl
ientTransactionWritePlatformServiceJpaRepo
sitoryImpl.java:38: error: cannot find 
symbol
@RequiredArgsConstructor
^
  symbol:   class 
JournalEntryWritePlatformService
  location: class ClientTransactionWritePl
atformServiceJpaRepositoryImpl
D:\program_data\Fineract\Fineract-without-
loan\fineract-provider\src\main\java\org\a
pache\fineract\portfolio\collateral\api\Co
llateralsApiResource.java:56: error: 
cannot find symbol
import org.apache.fineract.portfolio.colla
teral.data.CollateralData;
                                          
          ^
  symbol:   class CollateralData
  location: package org.apache.fineract.po
rtfolio.collateral.data
D:\program_data\Fineract\Fineract-without-
loan\fineract-provider\src\main\java\org\a
pache\fineract\portfolio\collateral\servic
e\CollateralReadPlatformService.java:22: 
error: cannot find symbol
import org.apache.fineract.portfolio.colla
teral.data.CollateralData;
                                          
          ^
  symbol:   class CollateralData
  location: package org.apache.fineract.po
rtfolio.collateral.data
D:\program_data\Fineract\Fineract-without-
loan\fineract-provider\src\main\java\org\a
pache\fineract\portfolio\collateral\api\Co
llateralsApiResource.java:74: error: 
cannot find symbol
    private final DefaultToApiJsonSerializ
er<CollateralData> 
apiJsonSerializerService;
                                          
   ^
  symbol:   class CollateralData
  location: class CollateralsApiResource
D:\program_data\Fineract\Fineract-without-
loan\fineract-provider\src\main\java\org\a
pache\fineract\portfolio\collateral\api\Co
llateralsApiResource.java:86: error: 
cannot find symbol
    public CollateralData newCollateralTem
plate(@PathParam("loanId") 
@Parameter(description = "loanId") final 
Long loanId) {
           ^
  symbol:   class CollateralData
  location: class CollateralsApiResource
D:\program_data\Fineract\Fineract-without-
loan\fineract-provider\src\main\java\org\a
pache\fineract\portfolio\collateral\api\Co
llateralsApiResource.java:99: error: 
cannot find symbol
    public List<CollateralData> retrieveCo
llateralDetails(@PathParam("loanId") 
@Parameter(description = "loanId") final 
Long loanId) {
                ^
  symbol:   class CollateralData
  location: class CollateralsApiResource
D:\program_data\Fineract\Fineract-without-
loan\fineract-provider\src\main\java\org\a
pache\fineract\portfolio\collateral\api\Co
llateralsApiResource.java:65: error: 
cannot find symbol
@RequiredArgsConstructor
^
  symbol:   class CollateralData
  location: class CollateralsApiResource
D:\program_data\Fineract\Fineract-without-
loan\fineract-provider\src\main\java\org\a
pache\fineract\portfolio\collateral\servic
e\CollateralReadPlatformService.java:32: 
error: cannot find symbol
    List<CollateralData> 
retrieveCollateralsForValidLoan(Long 
loanId);
         ^
  symbol:   class CollateralData
  location: interface 
CollateralReadPlatformService
D:\program_data\Fineract\Fineract-without-
loan\fineract-provider\src\main\java\org\a
pache\fineract\portfolio\collateral\servic
e\CollateralReadPlatformService.java:34: 
error: cannot find symbol
    List<CollateralData> 
retrieveCollaterals(Long loanId);
         ^
  symbol:   class CollateralData
  location: interface 
CollateralReadPlatformService
D:\program_data\Fineract\Fineract-without-
loan\fineract-provider\src\main\java\org\a
pache\fineract\portfolio\collateral\servic
e\CollateralReadPlatformService.java:36: 
error: cannot find symbol
    CollateralData 
retrieveCollateral(Long loanId, Long 
collateralId);
    ^
  symbol:   class CollateralData
  location: interface 
CollateralReadPlatformService
D:\program_data\Fineract\Fineract-without-
loan\fineract-provider\src\main\java\org\a
pache\fineract\portfolio\collateral\comman
d\CollateralCommand.java:27: error: 
package org.apache.fineract.portfolio.coll
ateral.api.CollateralApiConstants does 
not exist
import org.apache.fineract.portfolio.colla
teral.api.CollateralApiConstants.Collatera
lJSONinputParams;
                                          
                                ^
D:\program_data\Fineract\Fineract-without-
loan\fineract-provider\src\main\java\org\a
pache\fineract\portfolio\collateral\domain
\LoanCollateralRepository.java:24: error: 
cannot find symbol
public interface LoanCollateralRepository 
extends JpaRepository<LoanCollateral, 
Long>, 
JpaSpecificationExecutor<LoanCollateral> {
                                          
                      ^
  symbol: class LoanCollateral
D:\program_data\Fineract\Fineract-without-
loan\fineract-provider\src\main\java\org\a
pache\fineract\portfolio\collateral\domain
\LoanCollateralRepository.java:24: error: 
cannot find symbol
public interface LoanCollateralRepository 
extends JpaRepository<LoanCollateral, 
Long>, 
JpaSpecificationExecutor<LoanCollateral> {
                                          
                                          
                            ^
  symbol: class LoanCollateral
D:\program_data\Fineract\Fineract-without-
loan\fineract-provider\src\main\java\org\a
pache\fineract\portfolio\collateral\domain
\LoanCollateralRepository.java:26: error: 
cannot find symbol
    LoanCollateral findByLoanIdAndId(Long 
loanId, Long id);
    ^
  symbol:   class LoanCollateral
  location: interface 
LoanCollateralRepository
D:\program_data\Fineract\Fineract-without-
loan\fineract-provider\src\main\java\org\a
pache\fineract\portfolio\collateral\serial
ization\CollateralCommandFromApiJsonDeseri
alizer.java:34: error: package org.apache.
fineract.portfolio.collateral.api.Collater
alApiConstants does not exist
import org.apache.fineract.portfolio.colla
teral.api.CollateralApiConstants.Collatera
lJSONinputParams;
                                          
                                ^
D:\program_data\Fineract\Fineract-without-
loan\fineract-provider\src\main\java\org\a
pache\fineract\portfolio\collateral\servic
e\CollateralAssembler.java:32: error: 
cannot find symbol
import org.apache.fineract.portfolio.colla
teral.domain.LoanCollateral;
                                          
            ^
  symbol:   class LoanCollateral
  location: package org.apache.fineract.po
rtfolio.collateral.domain
D:\program_data\Fineract\Fineract-without-
loan\fineract-provider\src\main\java\org\a
pache\fineract\portfolio\collateral\servic
e\CollateralAssembler.java:43: error: 
cannot find symbol
    public Set<LoanCollateral> 
fromParsedJson(final JsonElement element) 
{
               ^
  symbol:   class LoanCollateral
  location: class CollateralAssembler
D:\program_data\Fineract\Fineract-without-
loan\fineract-provider\src\main\java\org\a
pache\fineract\portfolio\collectionsheet\s
ervice\CollectionSheetReadPlatformService.
java:23: error: cannot find symbol
import org.apache.fineract.portfolio.colle
ctionsheet.data.JLGCollectionSheetData;
                                          
               ^
  symbol:   class JLGCollectionSheetData
  location: package org.apache.fineract.po
rtfolio.collectionsheet.data
D:\program_data\Fineract\Fineract-without-
loan\fineract-provider\src\main\java\org\a
pache\fineract\portfolio\collectionsheet\s
ervice\CollectionSheetReadPlatformService.
java:27: error: cannot find symbol
    JLGCollectionSheetData 
generateGroupCollectionSheet(Long 
groupId, JsonQuery query);
    ^
  symbol:   class JLGCollectionSheetData
  location: interface 
CollectionSheetReadPlatformService
D:\program_data\Fineract\Fineract-without-
loan\fineract-provider\src\main\java\org\a
pache\fineract\portfolio\collectionsheet\s
ervice\CollectionSheetReadPlatformService.
java:29: error: cannot find symbol
    JLGCollectionSheetData 
generateCenterCollectionSheet(Long 
groupId, JsonQuery query);
    ^
  symbol:   class JLGCollectionSheetData
  location: interface 
CollectionSheetReadPlatformService
D:\program_data\Fineract\Fineract-without-
loan\fineract-provider\src\main\java\org\a
pache\fineract\portfolio\group\api\Centers
ApiResource.java:84: error: cannot find 
symbol
import org.apache.fineract.portfolio.colle
ctionsheet.data.JLGCollectionSheetData;
                                          
               ^
  symbol:   class JLGCollectionSheetData
  location: package org.apache.fineract.po
rtfolio.collectionsheet.data
D:\program_data\Fineract\Fineract-without-
loan\fineract-provider\src\main\java\org\a
pache\fineract\portfolio\meeting\service\M
eetingWritePlatformServiceJpaRepositoryImp
l.java:47: error: cannot find symbol
import org.apache.fineract.portfolio.calen
dar.domain.CalendarInstanceRepository;
                                          
          ^
  symbol:   class 
CalendarInstanceRepository
  location: package org.apache.fineract.po
rtfolio.calendar.domain
D:\program_data\Fineract\Fineract-without-
loan\fineract-provider\src\main\java\org\a
pache\fineract\portfolio\meeting\service\M
eetingWritePlatformServiceJpaRepositoryImp
l.java:70: error: cannot find symbol
    private final 
CalendarInstanceRepository 
calendarInstanceRepository;
                  ^
  symbol:   class 
CalendarInstanceRepository
  location: class MeetingWritePlatformServ
iceJpaRepositoryImpl
D:\program_data\Fineract\Fineract-without-
loan\fineract-provider\src\main\java\org\a
pache\fineract\portfolio\meeting\service\M
eetingWritePlatformServiceJpaRepositoryImp
l.java:64: error: cannot find symbol
@RequiredArgsConstructor
^
  symbol:   class 
CalendarInstanceRepository
  location: class MeetingWritePlatformServ
iceJpaRepositoryImpl
D:\program_data\Fineract\Fineract-without-
loan\fineract-provider\src\main\java\org\a
pache\fineract\portfolio\meeting\starter\M
eetingConfiguration.java:23: error: 
cannot find symbol
import org.apache.fineract.portfolio.calen
dar.domain.CalendarInstanceRepository;
                                          
          ^
  symbol:   class 
CalendarInstanceRepository
  location: package org.apache.fineract.po
rtfolio.calendar.domain
D:\program_data\Fineract\Fineract-without-
loan\fineract-provider\src\main\java\org\a
pache\fineract\portfolio\meeting\starter\M
eetingConfiguration.java:52: error: 
cannot find symbol
            CalendarInstanceRepository 
calendarInstanceRepository, 
CalendarRepository calendarRepository,
            ^
  symbol:   class 
CalendarInstanceRepository
  location: class MeetingConfiguration
D:\program_data\Fineract\Fineract-without-
loan\fineract-provider\src\main\java\org\a
pache\fineract\portfolio\savings\api\Fixed
DepositAccountsApiResource.java:74: 
error: cannot find symbol
import org.apache.fineract.portfolio.accou
nt.service.AccountAssociationsReadPlatform
Service;
                                          
          ^
  symbol:   class 
AccountAssociationsReadPlatformService
  location: package org.apache.fineract.po
rtfolio.account.service
D:\program_data\Fineract\Fineract-without-
loan\fineract-provider\src\main\java\org\a
pache\fineract\portfolio\savings\api\Fixed
DepositAccountsApiResource.java:83: 
error: cannot find symbol
import org.apache.fineract.portfolio.savin
gs.service.DepositAccountReadPlatformServi
ce;
                                          
          ^
  symbol:   class 
DepositAccountReadPlatformService
  location: package org.apache.fineract.po
rtfolio.savings.service
D:\program_data\Fineract\Fineract-without-
loan\fineract-provider\src\main\java\org\a
pache\fineract\portfolio\savings\api\Fixed
DepositAccountsApiResource.java:84: 
error: cannot find symbol
import org.apache.fineract.portfolio.savin
gs.service.FixedDepositAccountInterestCalc
ulationService;
                                          
          ^
  symbol:   class FixedDepositAccountInter
estCalculationService
  location: package org.apache.fineract.po
rtfolio.savings.service
D:\program_data\Fineract\Fineract-without-
loan\fineract-provider\src\main\java\org\a
pache\fineract\portfolio\savings\api\Fixed
DepositAccountsApiResource.java:97: 
error: cannot find symbol
    private final 
DepositAccountReadPlatformService 
depositAccountReadPlatformService;
                  ^
  symbol:   class 
DepositAccountReadPlatformService
  location: class 
FixedDepositAccountsApiResource
D:\program_data\Fineract\Fineract-without-
loan\fineract-provider\src\main\java\org\a
pache\fineract\portfolio\savings\api\Fixed
DepositAccountsApiResource.java:105: 
error: cannot find symbol
    private final 
AccountAssociationsReadPlatformService 
accountAssociationsReadPlatformService;
                  ^
  symbol:   class 
AccountAssociationsReadPlatformService
  location: class 
FixedDepositAccountsApiResource
D:\program_data\Fineract\Fineract-without-
loan\fineract-provider\src\main\java\org\a
pache\fineract\portfolio\savings\api\Fixed
DepositAccountsApiResource.java:108: 
error: cannot find symbol
    private final FixedDepositAccountInter
estCalculationService fixedDepositAccountI
nterestCalculationService;
                  ^
  symbol:   class FixedDepositAccountInter
estCalculationService
  location: class 
FixedDepositAccountsApiResource
D:\program_data\Fineract\Fineract-without-
loan\fineract-provider\src\main\java\org\a
pache\fineract\portfolio\savings\api\Fixed
DepositAccountsApiResource.java:94: 
error: cannot find symbol
@RequiredArgsConstructor
^
  symbol:   class 
DepositAccountReadPlatformService
  location: class 
FixedDepositAccountsApiResource
D:\program_data\Fineract\Fineract-without-
loan\fineract-provider\src\main\java\org\a
pache\fineract\portfolio\savings\api\Recur
ringDepositAccountsApiResource.java:79: 
error: cannot find symbol
import org.apache.fineract.portfolio.savin
gs.service.DepositAccountReadPlatformServi
ce;
                                          
          ^
  symbol:   class 
DepositAccountReadPlatformService
  location: package org.apache.fineract.po
rtfolio.savings.service
D:\program_data\Fineract\Fineract-without-
loan\fineract-provider\src\main\java\org\a
pache\fineract\portfolio\savings\api\Recur
ringDepositAccountsApiResource.java:92: 
error: cannot find symbol
    private final 
DepositAccountReadPlatformService 
depositAccountReadPlatformService;
                  ^
  symbol:   class 
DepositAccountReadPlatformService
  location: class 
RecurringDepositAccountsApiResource
D:\program_data\Fineract\Fineract-without-
loan\fineract-provider\src\main\java\org\a
pache\fineract\portfolio\savings\api\Recur
ringDepositAccountsApiResource.java:89: 
error: cannot find symbol
@RequiredArgsConstructor
^
  symbol:   class 
DepositAccountReadPlatformService
  location: class 
RecurringDepositAccountsApiResource
D:\program_data\Fineract\Fineract-without-
loan\fineract-provider\src\main\java\org\a
pache\fineract\portfolio\savings\api\Recur
ringDepositAccountTransactionsApiResource.
java:59: error: cannot find symbol
import org.apache.fineract.portfolio.savin
gs.service.DepositAccountReadPlatformServi
ce;
                                          
          ^
  symbol:   class 
DepositAccountReadPlatformService
  location: package org.apache.fineract.po
rtfolio.savings.service
D:\program_data\Fineract\Fineract-without-
loan\fineract-provider\src\main\java\org\a
pache\fineract\portfolio\savings\api\Recur
ringDepositAccountTransactionsApiResource.
java:74: error: cannot find symbol
    private final 
DepositAccountReadPlatformService 
depositAccountReadPlatformService;
                  ^
  symbol:   class 
DepositAccountReadPlatformService
  location: class RecurringDepositAccountT
ransactionsApiResource
D:\program_data\Fineract\Fineract-without-
loan\fineract-provider\src\main\java\org\a
pache\fineract\portfolio\savings\api\Recur
ringDepositAccountTransactionsApiResource.
java:66: error: cannot find symbol
@RequiredArgsConstructor
^
  symbol:   class 
DepositAccountReadPlatformService
  location: class RecurringDepositAccountT
ransactionsApiResource
D:\program_data\Fineract\Fineract-without-
loan\fineract-provider\src\main\java\org\a
pache\fineract\portfolio\savings\domain\De
positAccountDomainServiceJpa.java:34: 
error: cannot find symbol
import org.apache.fineract.accounting.jour
nalentry.service.JournalEntryWritePlatform
Service;
                                          
                ^
  symbol:   class 
JournalEntryWritePlatformService
  location: package org.apache.fineract.ac
counting.journalentry.service
D:\program_data\Fineract\Fineract-without-
loan\fineract-provider\src\main\java\org\a
pache\fineract\portfolio\savings\domain\De
positAccountDomainServiceJpa.java:44: 
error: cannot find symbol
import org.apache.fineract.portfolio.accou
nt.data.AccountTransferDTO;
                                          
       ^
  symbol:   class AccountTransferDTO
  location: package 
org.apache.fineract.portfolio.account.data
D:\program_data\Fineract\Fineract-without-
loan\fineract-provider\src\main\java\org\a
pache\fineract\portfolio\savings\domain\De
positAccountDomainServiceJpa.java:45: 
error: package org.apache.fineract.portfol
io.account.domain does not exist
import org.apache.fineract.portfolio.accou
nt.domain.AccountTransferType;
                                          
         ^
D:\program_data\Fineract\Fineract-without-
loan\fineract-provider\src\main\java\org\a
pache\fineract\portfolio\savings\domain\De
positAccountDomainServiceJpa.java:46: 
error: cannot find symbol
import org.apache.fineract.portfolio.accou
nt.service.AccountNumberGenerator;
                                          
          ^
  symbol:   class AccountNumberGenerator
  location: package org.apache.fineract.po
rtfolio.account.service
D:\program_data\Fineract\Fineract-without-
loan\fineract-provider\src\main\java\org\a
pache\fineract\portfolio\savings\domain\De
positAccountDomainServiceJpa.java:47: 
error: cannot find symbol
import org.apache.fineract.portfolio.accou
nt.service.AccountTransfersWritePlatformSe
rvice;
                                          
          ^
  symbol:   class 
AccountTransfersWritePlatformService
  location: package org.apache.fineract.po
rtfolio.account.service
D:\program_data\Fineract\Fineract-without-
loan\fineract-provider\src\main\java\org\a
pache\fineract\portfolio\savings\domain\De
positAccountDomainServiceJpa.java:52: 
error: cannot find symbol
import org.apache.fineract.portfolio.calen
dar.domain.CalendarInstanceRepository;
                                          
          ^
  symbol:   class 
CalendarInstanceRepository
  location: package org.apache.fineract.po
rtfolio.calendar.domain
D:\program_data\Fineract\Fineract-without-
loan\fineract-provider\src\main\java\org\a
pache\fineract\portfolio\savings\domain\De
positAccountDomainServiceJpa.java:72: 
error: cannot find symbol
    private final 
JournalEntryWritePlatformService 
journalEntryWritePlatformService;
                  ^
  symbol:   class 
JournalEntryWritePlatformService
  location: class 
DepositAccountDomainServiceJpa
D:\program_data\Fineract\Fineract-without-
loan\fineract-provider\src\main\java\org\a
pache\fineract\portfolio\savings\domain\De
positAccountDomainServiceJpa.java:73: 
error: cannot find symbol
    private final AccountNumberGenerator 
accountNumberGenerator;
                  ^
  symbol:   class AccountNumberGenerator
  location: class 
DepositAccountDomainServiceJpa
D:\program_data\Fineract\Fineract-without-
loan\fineract-provider\src\main\java\org\a
pache\fineract\portfolio\savings\domain\De
positAccountDomainServiceJpa.java:76: 
error: cannot find symbol
    private final 
AccountTransfersWritePlatformService 
accountTransfersWritePlatformService;
                  ^
  symbol:   class 
AccountTransfersWritePlatformService
  location: class 
DepositAccountDomainServiceJpa
D:\program_data\Fineract\Fineract-without-
loan\fineract-provider\src\main\java\org\a
pache\fineract\portfolio\savings\domain\De
positAccountDomainServiceJpa.java:79: 
error: cannot find symbol
    private final 
CalendarInstanceRepository 
calendarInstanceRepository;
                  ^
  symbol:   class 
CalendarInstanceRepository
  location: class 
DepositAccountDomainServiceJpa
D:\program_data\Fineract\Fineract-without-
loan\fineract-provider\src\main\java\org\a
pache\fineract\portfolio\savings\domain\De
positAccountDomainServiceJpa.java:83: 
error: cannot find symbol
            final 
JournalEntryWritePlatformService 
journalEntryWritePlatformService, final 
AccountNumberGenerator 
accountNumberGenerator,
                  ^
  symbol:   class 
JournalEntryWritePlatformService
  location: class 
DepositAccountDomainServiceJpa
D:\program_data\Fineract\Fineract-without-
loan\fineract-provider\src\main\java\org\a
pache\fineract\portfolio\savings\domain\De
positAccountDomainServiceJpa.java:83: 
error: cannot find symbol
            final 
JournalEntryWritePlatformService 
journalEntryWritePlatformService, final 
AccountNumberGenerator 
accountNumberGenerator,
                                          
                                          
       ^
  symbol:   class AccountNumberGenerator
  location: class 
DepositAccountDomainServiceJpa
D:\program_data\Fineract\Fineract-without-
loan\fineract-provider\src\main\java\org\a
pache\fineract\portfolio\savings\domain\De
positAccountDomainServiceJpa.java:85: 
error: cannot find symbol
            final 
AccountTransfersWritePlatformService 
accountTransfersWritePlatformService,
                  ^
  symbol:   class 
AccountTransfersWritePlatformService
  location: class 
DepositAccountDomainServiceJpa
D:\program_data\Fineract\Fineract-without-
loan\fineract-provider\src\main\java\org\a
pache\fineract\portfolio\savings\domain\De
positAccountDomainServiceJpa.java:88: 
error: cannot find symbol
            final 
CalendarInstanceRepository 
calendarInstanceRepository) {
                  ^
  symbol:   class 
CalendarInstanceRepository
  location: class 
DepositAccountDomainServiceJpa
D:\program_data\Fineract\Fineract-without-
loan\fineract-provider\src\main\java\org\a
pache\fineract\portfolio\savings\domain\Sa
vingsAccountDomainServiceJpa.java:31: 
error: cannot find symbol
import org.apache.fineract.accounting.jour
nalentry.service.JournalEntryWritePlatform
Service;
                                          
                ^
  symbol:   class 
JournalEntryWritePlatformService
  location: package org.apache.fineract.ac
counting.journalentry.service
D:\program_data\Fineract\Fineract-without-
loan\fineract-provider\src\main\java\org\a
pache\fineract\portfolio\savings\domain\Sa
vingsAccountDomainServiceJpa.java:58: 
error: cannot find symbol
    private final 
JournalEntryWritePlatformService 
journalEntryWritePlatformService;
                  ^
  symbol:   class 
JournalEntryWritePlatformService
  location: class 
SavingsAccountDomainServiceJpa
D:\program_data\Fineract\Fineract-without-
loan\fineract-provider\src\main\java\org\a
pache\fineract\portfolio\savings\domain\Sa
vingsAccountDomainServiceJpa.java:67: 
error: cannot find symbol
            final 
JournalEntryWritePlatformService 
journalEntryWritePlatformService,
                  ^
  symbol:   class 
JournalEntryWritePlatformService
  location: class 
SavingsAccountDomainServiceJpa
D:\program_data\Fineract\Fineract-without-
loan\fineract-provider\src\main\java\org\a
pache\fineract\portfolio\savings\jobs\adda
ccrualtransactionforsavings\AddAccrualTran
sactionForSavingsConfig.java:22: error: 
cannot find symbol
import org.apache.fineract.portfolio.savin
gs.service.SavingsAccrualWritePlatformServ
ice;
                                          
          ^
  symbol:   class 
SavingsAccrualWritePlatformService
  location: package org.apache.fineract.po
rtfolio.savings.service
D:\program_data\Fineract\Fineract-without-
loan\fineract-provider\src\main\java\org\a
pache\fineract\portfolio\savings\jobs\adda
ccrualtransactionforsavings\AddAccrualTran
sactionForSavingsConfig.java:42: error: 
cannot find symbol
    private 
SavingsAccrualWritePlatformService 
savingsAccrualWritePlatformService;
            ^
  symbol:   class 
SavingsAccrualWritePlatformService
  location: class 
AddAccrualTransactionForSavingsConfig
D:\program_data\Fineract\Fineract-without-
loan\fineract-provider\src\main\java\org\a
pache\fineract\portfolio\savings\jobs\adda
ccrualtransactionforsavings\AddAccrualTran
sactionForSavingsTasklet.java:26: error: 
cannot find symbol
import org.apache.fineract.portfolio.savin
gs.service.SavingsAccrualWritePlatformServ
ice;
                                          
          ^
  symbol:   class 
SavingsAccrualWritePlatformService
  location: package org.apache.fineract.po
rtfolio.savings.service
D:\program_data\Fineract\Fineract-without-
loan\fineract-provider\src\main\java\org\a
pache\fineract\portfolio\savings\jobs\adda
ccrualtransactionforsavings\AddAccrualTran
sactionForSavingsTasklet.java:35: error: 
cannot find symbol
    private final 
SavingsAccrualWritePlatformService 
savingsAccrualWritePlatformService;
                  ^
  symbol:   class 
SavingsAccrualWritePlatformService
  location: class 
AddAccrualTransactionForSavingsTasklet
D:\program_data\Fineract\Fineract-without-
loan\fineract-provider\src\main\java\org\a
pache\fineract\portfolio\savings\jobs\adda
ccrualtransactionforsavings\AddAccrualTran
sactionForSavingsTasklet.java:32: error: 
cannot find symbol
@RequiredArgsConstructor
^
  symbol:   class 
SavingsAccrualWritePlatformService
  location: class 
AddAccrualTransactionForSavingsTasklet
D:\program_data\Fineract\Fineract-without-
loan\fineract-provider\src\main\java\org\a
pache\fineract\portfolio\savings\jobs\gene
raterdschedule\GenerateRdScheduleConfig.ja
va:24: error: cannot find symbol
import org.apache.fineract.portfolio.savin
gs.service.DepositAccountReadPlatformServi
ce;
                                          
          ^
  symbol:   class 
DepositAccountReadPlatformService
  location: package org.apache.fineract.po
rtfolio.savings.service
D:\program_data\Fineract\Fineract-without-
loan\fineract-provider\src\main\java\org\a
pache\fineract\portfolio\savings\jobs\gene
raterdschedule\GenerateRdScheduleConfig.ja
va:46: error: cannot find symbol
    private 
DepositAccountReadPlatformService 
depositAccountReadPlatformService;
            ^
  symbol:   class 
DepositAccountReadPlatformService
  location: class GenerateRdScheduleConfig
D:\program_data\Fineract\Fineract-without-
loan\fineract-provider\src\main\java\org\a
pache\fineract\portfolio\savings\jobs\gene
raterdschedule\GenerateRdScheduleTasklet.j
ava:39: error: cannot find symbol
import org.apache.fineract.portfolio.savin
gs.service.DepositAccountReadPlatformServi
ce;
                                          
          ^
  symbol:   class 
DepositAccountReadPlatformService
  location: package org.apache.fineract.po
rtfolio.savings.service
D:\program_data\Fineract\Fineract-without-
loan\fineract-provider\src\main\java\org\a
pache\fineract\portfolio\savings\jobs\gene
raterdschedule\GenerateRdScheduleTasklet.j
ava:51: error: cannot find symbol
    private final 
DepositAccountReadPlatformService 
depositAccountReadPlatformService;
                  ^
  symbol:   class 
DepositAccountReadPlatformService
  location: class 
GenerateRdScheduleTasklet
D:\program_data\Fineract\Fineract-without-
loan\fineract-provider\src\main\java\org\a
pache\fineract\portfolio\savings\jobs\gene
raterdschedule\GenerateRdScheduleTasklet.j
ava:47: error: cannot find symbol
@RequiredArgsConstructor
^
  symbol:   class 
DepositAccountReadPlatformService
  location: class 
GenerateRdScheduleTasklet
D:\program_data\Fineract\Fineract-without-
loan\fineract-provider\src\main\java\org\a
pache\fineract\portfolio\savings\jobs\tran
sferinteresttosavings\TransferInterestToSa
vingsConfig.java:22: error: cannot find 
symbol
import org.apache.fineract.portfolio.accou
nt.service.AccountTransfersWritePlatformSe
rvice;
                                          
          ^
  symbol:   class 
AccountTransfersWritePlatformService
  location: package org.apache.fineract.po
rtfolio.account.service
D:\program_data\Fineract\Fineract-without-
loan\fineract-provider\src\main\java\org\a
pache\fineract\portfolio\savings\jobs\tran
sferinteresttosavings\TransferInterestToSa
vingsConfig.java:23: error: cannot find 
symbol
import org.apache.fineract.portfolio.savin
gs.service.DepositAccountReadPlatformServi
ce;
                                          
          ^
  symbol:   class 
DepositAccountReadPlatformService
  location: package org.apache.fineract.po
rtfolio.savings.service
D:\program_data\Fineract\Fineract-without-
loan\fineract-provider\src\main\java\org\a
pache\fineract\portfolio\savings\jobs\tran
sferinteresttosavings\TransferInterestToSa
vingsConfig.java:43: error: cannot find 
symbol
    private 
DepositAccountReadPlatformService 
depositAccountReadPlatformService;
            ^
  symbol:   class 
DepositAccountReadPlatformService
  location: class 
TransferInterestToSavingsConfig
D:\program_data\Fineract\Fineract-without-
loan\fineract-provider\src\main\java\org\a
pache\fineract\portfolio\savings\jobs\tran
sferinteresttosavings\TransferInterestToSa
vingsConfig.java:45: error: cannot find 
symbol
    private 
AccountTransfersWritePlatformService 
accountTransfersWritePlatformService;
            ^
  symbol:   class 
AccountTransfersWritePlatformService
  location: class 
TransferInterestToSavingsConfig
D:\program_data\Fineract\Fineract-without-
loan\fineract-provider\src\main\java\org\a
pache\fineract\portfolio\savings\jobs\tran
sferinteresttosavings\TransferInterestToSa
vingsTasklet.java:28: error: cannot find 
symbol
import org.apache.fineract.portfolio.accou
nt.data.AccountTransferDTO;
                                          
       ^
  symbol:   class AccountTransferDTO
  location: package 
org.apache.fineract.portfolio.account.data
D:\program_data\Fineract\Fineract-without-
loan\fineract-provider\src\main\java\org\a
pache\fineract\portfolio\savings\jobs\tran
sferinteresttosavings\TransferInterestToSa
vingsTasklet.java:29: error: cannot find 
symbol
import org.apache.fineract.portfolio.accou
nt.service.AccountTransfersWritePlatformSe
rvice;
                                          
          ^
  symbol:   class 
AccountTransfersWritePlatformService
  location: package org.apache.fineract.po
rtfolio.account.service
D:\program_data\Fineract\Fineract-without-
loan\fineract-provider\src\main\java\org\a
pache\fineract\portfolio\savings\jobs\tran
sferinteresttosavings\TransferInterestToSa
vingsTasklet.java:31: error: cannot find 
symbol
import org.apache.fineract.portfolio.savin
gs.service.DepositAccountReadPlatformServi
ce;
                                          
          ^
  symbol:   class 
DepositAccountReadPlatformService
  location: package org.apache.fineract.po
rtfolio.savings.service
D:\program_data\Fineract\Fineract-without-
loan\fineract-provider\src\main\java\org\a
pache\fineract\portfolio\savings\jobs\tran
sferinteresttosavings\TransferInterestToSa
vingsTasklet.java:41: error: cannot find 
symbol
    private final 
DepositAccountReadPlatformService 
depositAccountReadPlatformService;
                  ^
  symbol:   class 
DepositAccountReadPlatformService
  location: class 
TransferInterestToSavingsTasklet
D:\program_data\Fineract\Fineract-without-
loan\fineract-provider\src\main\java\org\a
pache\fineract\portfolio\savings\jobs\tran
sferinteresttosavings\TransferInterestToSa
vingsTasklet.java:42: error: cannot find 
symbol
    private final 
AccountTransfersWritePlatformService 
accountTransfersWritePlatformService;
                  ^
  symbol:   class 
AccountTransfersWritePlatformService
  location: class 
TransferInterestToSavingsTasklet
D:\program_data\Fineract\Fineract-without-
loan\fineract-provider\src\main\java\org\a
pache\fineract\portfolio\savings\jobs\tran
sferinteresttosavings\TransferInterestToSa
vingsTasklet.java:38: error: cannot find 
symbol
@RequiredArgsConstructor
^
  symbol:   class 
DepositAccountReadPlatformService
  location: class 
TransferInterestToSavingsTasklet
D:\program_data\Fineract\Fineract-without-
loan\fineract-provider\src\main\java\org\a
pache\fineract\portfolio\savings\jobs\upda
tedepositsaccountmaturitydetails\UpdateDep
ositsAccountMaturityDetailsConfig.java:22:
 error: cannot find symbol
import org.apache.fineract.portfolio.savin
gs.service.DepositAccountReadPlatformServi
ce;
                                          
          ^
  symbol:   class 
DepositAccountReadPlatformService
  location: package org.apache.fineract.po
rtfolio.savings.service
D:\program_data\Fineract\Fineract-without-
loan\fineract-provider\src\main\java\org\a
pache\fineract\portfolio\savings\jobs\upda
tedepositsaccountmaturitydetails\UpdateDep
ositsAccountMaturityDetailsConfig.java:43:
 error: cannot find symbol
    private 
DepositAccountReadPlatformService 
depositAccountReadPlatformService;
            ^
  symbol:   class 
DepositAccountReadPlatformService
  location: class 
UpdateDepositsAccountMaturityDetailsConfig
D:\program_data\Fineract\Fineract-without-
loan\fineract-provider\src\main\java\org\a
pache\fineract\portfolio\savings\jobs\upda
tedepositsaccountmaturitydetails\UpdateDep
ositsAccountMaturityDetailsTasklet.java:30
: error: cannot find symbol
import org.apache.fineract.portfolio.savin
gs.service.DepositAccountReadPlatformServi
ce;
                                          
          ^
  symbol:   class 
DepositAccountReadPlatformService
  location: package org.apache.fineract.po
rtfolio.savings.service
D:\program_data\Fineract\Fineract-without-
loan\fineract-provider\src\main\java\org\a
pache\fineract\portfolio\savings\jobs\upda
tedepositsaccountmaturitydetails\UpdateDep
ositsAccountMaturityDetailsTasklet.java:41
: error: cannot find symbol
    private final 
DepositAccountReadPlatformService 
depositAccountReadPlatformService;
                  ^
  symbol:   class 
DepositAccountReadPlatformService
  location: class UpdateDepositsAccountMat
urityDetailsTasklet
D:\program_data\Fineract\Fineract-without-
loan\fineract-provider\src\main\java\org\a
pache\fineract\portfolio\savings\jobs\upda
tedepositsaccountmaturitydetails\UpdateDep
ositsAccountMaturityDetailsTasklet.java:38
: error: cannot find symbol
@RequiredArgsConstructor
^
  symbol:   class 
DepositAccountReadPlatformService
  location: class UpdateDepositsAccountMat
urityDetailsTasklet
D:\program_data\Fineract\Fineract-without-
loan\fineract-provider\src\main\java\org\a
pache\fineract\infrastructure\event\extern
al\service\serialization\mapper\share\Shar
eAccountDataMapper.java:27: error: No 
implementation was created for 
ShareAccountDataMapper due to having a 
problem in the erroneous element 
ShareAccountData. Hint: this often means 
that some other annotation processor was 
supposed to process the erroneous 
element. You can also enable MapStruct 
verbose mode by setting 
-Amapstruct.verbose=true as a compilation 
argument.
public interface ShareAccountDataMapper {
       ^
D:\program_data\Fineract\Fineract-without-
loan\fineract-provider\src\main\java\org\a
pache\fineract\infrastructure\event\extern
al\service\serialization\mapper\share\Shar
eProductDataMapper.java:27: error: No 
implementation was created for 
ShareProductDataMapper due to having a 
problem in the erroneous element 
ShareProductData. Hint: this often means 
that some other annotation processor was 
supposed to process the erroneous 
element. You can also enable MapStruct 
verbose mode by setting 
-Amapstruct.verbose=true as a compilation 
argument.
public interface ShareProductDataMapper {
       ^
359 errors
8 warnings

> Task :fineract-provider:compileJava FAILED

[Incubating] Problems report is available at: file:///D:/program_data/Fineract/Fineract-without-loan/build/reports/problems/problems-report.html

FAILURE: Build failed with an exception.

* What went wrong:
Execution failed for task 
':fineract-provider:compileJava'.
> Compilation failed; see the compiler 
output below.
  D:\program_data\Fineract\Fineract-withou
t-loan\fineract-provider\src\main\java\org
\apache\fineract\infrastructure\core\confi
g\SecurityConfig.java:26: warning: 
[removal] AntPathRequestMatcher in org.spr
ingframework.security.web.util.matcher 
has been deprecated and marked for removal
  import static org.springframework.securi
ty.web.util.matcher.AntPathRequestMatcher.
antMatcher;
                                          
                   ^
  359 errors

Deprecated Gradle features were used in this build, making it incompatible with Gradle 9.0.

You can use '--warning-mode all' to show the individual deprecation warnings and determine if they come from your own scripts or plugins.

For more on this, please refer to https://docs.gradle.org/8.14.3/userguide/command_line_interface.html#sec:command_line_warnings in the Gradle documentation.
47 actionable tasks: 1 executed, 46 up-to-date
  8 warnings

* Try:
> Run with --scan to get full insights.

BUILD FAILED in 1m 6s
